###############################################################################
#
# IAR ELF Linker V8.22.1.15669/W32 for ARM                26/Apr/2018  12:38:36
# Copyright 2007-2018 IAR Systems AB.
#
#    Output file  =  
#        F:\KisWire\sensors\TemperatureSensor\_Firmware\EWARM\MainController_DIY\Exe\MainController_DIY.out
#    Map file     =  
#        F:\KisWire\sensors\TemperatureSensor\_Firmware\EWARM\MainController_DIY\List\MainController_DIY.map
#    Command line =  
#        -f C:\Users\MKHASA~1\AppData\Local\Temp\EW1130.tmp
#        (F:\KisWire\sensors\TemperatureSensor\_Firmware\EWARM\MainController_DIY\Obj\dwt_stm32_delay.o
#        F:\KisWire\sensors\TemperatureSensor\_Firmware\EWARM\MainController_DIY\Obj\main.o
#        F:\KisWire\sensors\TemperatureSensor\_Firmware\EWARM\MainController_DIY\Obj\rs485.o
#        F:\KisWire\sensors\TemperatureSensor\_Firmware\EWARM\MainController_DIY\Obj\startup_stm32f103xe.o
#        F:\KisWire\sensors\TemperatureSensor\_Firmware\EWARM\MainController_DIY\Obj\stm32f1xx_hal.o
#        F:\KisWire\sensors\TemperatureSensor\_Firmware\EWARM\MainController_DIY\Obj\stm32f1xx_hal_adc.o
#        F:\KisWire\sensors\TemperatureSensor\_Firmware\EWARM\MainController_DIY\Obj\stm32f1xx_hal_adc_ex.o
#        F:\KisWire\sensors\TemperatureSensor\_Firmware\EWARM\MainController_DIY\Obj\stm32f1xx_hal_cortex.o
#        F:\KisWire\sensors\TemperatureSensor\_Firmware\EWARM\MainController_DIY\Obj\stm32f1xx_hal_dma.o
#        F:\KisWire\sensors\TemperatureSensor\_Firmware\EWARM\MainController_DIY\Obj\stm32f1xx_hal_flash.o
#        F:\KisWire\sensors\TemperatureSensor\_Firmware\EWARM\MainController_DIY\Obj\stm32f1xx_hal_flash_ex.o
#        F:\KisWire\sensors\TemperatureSensor\_Firmware\EWARM\MainController_DIY\Obj\stm32f1xx_hal_gpio.o
#        F:\KisWire\sensors\TemperatureSensor\_Firmware\EWARM\MainController_DIY\Obj\stm32f1xx_hal_gpio_ex.o
#        F:\KisWire\sensors\TemperatureSensor\_Firmware\EWARM\MainController_DIY\Obj\stm32f1xx_hal_msp.o
#        F:\KisWire\sensors\TemperatureSensor\_Firmware\EWARM\MainController_DIY\Obj\stm32f1xx_hal_pwr.o
#        F:\KisWire\sensors\TemperatureSensor\_Firmware\EWARM\MainController_DIY\Obj\stm32f1xx_hal_rcc.o
#        F:\KisWire\sensors\TemperatureSensor\_Firmware\EWARM\MainController_DIY\Obj\stm32f1xx_hal_rcc_ex.o
#        F:\KisWire\sensors\TemperatureSensor\_Firmware\EWARM\MainController_DIY\Obj\stm32f1xx_hal_tim.o
#        F:\KisWire\sensors\TemperatureSensor\_Firmware\EWARM\MainController_DIY\Obj\stm32f1xx_hal_tim_ex.o
#        F:\KisWire\sensors\TemperatureSensor\_Firmware\EWARM\MainController_DIY\Obj\stm32f1xx_hal_uart.o
#        F:\KisWire\sensors\TemperatureSensor\_Firmware\EWARM\MainController_DIY\Obj\stm32f1xx_it.o
#        F:\KisWire\sensors\TemperatureSensor\_Firmware\EWARM\MainController_DIY\Obj\system_stm32f1xx.o
#        --redirect _Printf=_PrintfFull --redirect _Scanf=_ScanfFull -o
#        F:\KisWire\sensors\TemperatureSensor\_Firmware\EWARM\MainController_DIY\Exe\MainController_DIY.out
#        --map
#        F:\KisWire\sensors\TemperatureSensor\_Firmware\EWARM\MainController_DIY\List\MainController_DIY.map
#        --config
#        F:\KisWire\sensors\TemperatureSensor\_Firmware\EWARM/stm32f103xe_flash.icf
#        --semihosting --entry __iar_program_start --vfe --text_out locale)
#
###############################################################################

*******************************************************************************
*** RUNTIME MODEL ATTRIBUTES
***

CppFlavor       = *
__SystemLibrary = DLib
__dlib_version  = 6


*******************************************************************************
*** HEAP SELECTION
***

The basic heap was selected because some modules are built with
size limitations (and not runtime checking), and --advanced_heap
was not specified.


*******************************************************************************
*** PLACEMENT SUMMARY
***

"A0":  place at 0x08000000 { ro section .intvec };
"P1":  place in [from 0x08000000 to 0x0807ffff] { ro };
define block CSTACK with size = 1K, alignment = 8 { };
define block HEAP with size = 512, alignment = 8 { };
"P2":  place in [from 0x20000000 to 0x2000ffff] {
          rw, block CSTACK, block HEAP };
initialize by copy { rw };

  Section            Kind        Address    Size  Object
  -------            ----        -------    ----  ------
"A0":                                      0x130
  .intvec            ro code  0x08000000   0x130  startup_stm32f103xe.o [1]
                            - 0x08000130   0x130

"P1":                                     0x328c
  .text              ro code  0x08000130   0x6f4  stm32f1xx_hal_dma.o [1]
  .text              ro code  0x08000824   0x6ec  stm32f1xx_hal_rcc.o [1]
  .text              ro code  0x08000f10     0xc  stm32f1xx_hal.o [1]
  .text              ro code  0x08000f1c    0x28  stm32f1xx_hal.o [1]
  .text              ro code  0x08000f44    0xa6  ABImemcpy.o [4]
  .rodata            const    0x08000fea     0x2  stm32f1xx_hal_rcc.o [1]
  .text              ro code  0x08000fec   0x176  stm32f1xx_hal_cortex.o [1]
  .text              ro code  0x08001164   0x692  stm32f1xx_hal_adc.o [1]
  .text              ro code  0x080017f8   0x264  stm32f1xx_hal_msp.o [1]
  .text              ro code  0x08001a5c   0x42c  main.o [1]
  .text              ro code  0x08001e88     0x2  stm32f1xx_hal_adc_ex.o [1]
  .text              ro code  0x08001e8a     0x2  stm32f1xx_hal_adc.o [1]
  .text              ro code  0x08001e8c     0x2  stm32f1xx_hal_adc.o [1]
  .text              ro code  0x08001e8e     0x2  stm32f1xx_hal_adc.o [1]
  .text              ro code  0x08001e90   0x2c4  stm32f1xx_hal_gpio.o [1]
  .text              ro code  0x08002154    0x28  stm32f1xx_hal.o [1]
  .text              ro code  0x0800217c   0x5cc  rs485.o [1]
  .text              ro code  0x08002748    0x1e  stm32f1xx_hal.o [1]
  .text              ro code  0x08002768   0x124  stm32f1xx_hal_rcc_ex.o [1]
  .text              ro code  0x0800288c   0x528  stm32f1xx_hal_uart.o [1]
  .text              ro code  0x08002db4    0x4c  strcpy.o [4]
  .text              ro code  0x08002e00    0x20  strcat.o [3]
  .text              ro code  0x08002e20    0x36  strlen.o [4]
  .text              ro code  0x08002e56     0xc  memcpy.o [4]
  .text              ro code  0x08002e64   0x176  stm32f1xx_hal_tim.o [1]
  .text              ro code  0x08002fda     0x2  stm32f1xx_hal_tim.o [1]
  .text              ro code  0x08002fdc     0x2  stm32f1xx_hal_tim.o [1]
  .text              ro code  0x08002fde     0x2  stm32f1xx_hal_tim.o [1]
  .text              ro code  0x08002fe0     0x2  stm32f1xx_hal_tim_ex.o [1]
  .text              ro code  0x08002fe2     0x2  stm32f1xx_hal_tim.o [1]
  .text              ro code  0x08002fe4     0x2  stm32f1xx_hal_tim_ex.o [1]
  .text              ro code  0x08002fe8    0xa8  stm32f1xx_it.o [1]
  .text              ro code  0x08003090    0x10  stm32f1xx_hal.o [1]
  .text              ro code  0x080030a0    0x68  system_stm32f1xx.o [1]
  .rodata            const    0x08003108    0x48  stm32f1xx_hal_msp.o [1]
  .text              ro code  0x08003150    0x40  zero_init3.o [4]
  .rodata            const    0x08003190    0x3c  main.o [1]
  .text              ro code  0x080031cc    0x38  packbits_init_single.o [4]
  .text              ro code  0x08003204    0x28  data_init.o [4]
  .iar.init_table    const    0x0800322c    0x20  - Linker created -
  .text              ro code  0x0800324c    0x1e  cmain.o [4]
  .text              ro code  0x0800326a     0x4  low_level_init.o [3]
  .text              ro code  0x0800326e     0x4  exit.o [3]
  .text              ro code  0x08003274     0xa  cexit.o [4]
  .text              ro code  0x08003280    0x14  exit.o [5]
  .rodata            const    0x08003294    0x10  stm32f1xx_hal_rcc.o [1]
  .rodata            const    0x080032a4    0x10  system_stm32f1xx.o [1]
  .text              ro code  0x080032b4    0x10  startup_stm32f103xe.o [1]
  .text              ro code  0x080032c4     0xc  cstartup_M.o [4]
  .rodata            const    0x080032d0     0x8  system_stm32f1xx.o [1]
  .text              ro code  0x080032d8     0x4  startup_stm32f103xe.o [1]
  .text              ro code  0x080032dc     0x4  startup_stm32f103xe.o [1]
  .text              ro code  0x080032e0     0x4  startup_stm32f103xe.o [1]
  .text              ro code  0x080032e4     0x4  startup_stm32f103xe.o [1]
  .text              ro code  0x080032e8     0x4  startup_stm32f103xe.o [1]
  .text              ro code  0x080032ec     0x4  startup_stm32f103xe.o [1]
  .text              ro code  0x080032f0     0x4  startup_stm32f103xe.o [1]
  .text              ro code  0x080032f4     0x4  startup_stm32f103xe.o [1]
  .text              ro code  0x080032f8     0x4  startup_stm32f103xe.o [1]
  .text              ro code  0x080032fc     0x4  startup_stm32f103xe.o [1]
  .text              ro code  0x08003300     0x4  startup_stm32f103xe.o [1]
  .text              ro code  0x08003304     0x4  startup_stm32f103xe.o [1]
  .text              ro code  0x08003308     0x4  startup_stm32f103xe.o [1]
  .text              ro code  0x0800330c     0x4  startup_stm32f103xe.o [1]
  .text              ro code  0x08003310     0x4  startup_stm32f103xe.o [1]
  .text              ro code  0x08003314     0x4  startup_stm32f103xe.o [1]
  .text              ro code  0x08003318     0x4  startup_stm32f103xe.o [1]
  .text              ro code  0x0800331c     0x4  startup_stm32f103xe.o [1]
  .text              ro code  0x08003320     0x4  startup_stm32f103xe.o [1]
  .text              ro code  0x08003324     0x4  startup_stm32f103xe.o [1]
  .text              ro code  0x08003328     0x4  startup_stm32f103xe.o [1]
  .text              ro code  0x0800332c     0x4  startup_stm32f103xe.o [1]
  .text              ro code  0x08003330     0x4  startup_stm32f103xe.o [1]
  .text              ro code  0x08003334     0x4  startup_stm32f103xe.o [1]
  .text              ro code  0x08003338     0x4  startup_stm32f103xe.o [1]
  .text              ro code  0x0800333c     0x4  startup_stm32f103xe.o [1]
  .text              ro code  0x08003340     0x4  startup_stm32f103xe.o [1]
  .text              ro code  0x08003344     0x4  startup_stm32f103xe.o [1]
  .text              ro code  0x08003348     0x4  startup_stm32f103xe.o [1]
  .text              ro code  0x0800334c     0x4  startup_stm32f103xe.o [1]
  .text              ro code  0x08003350     0x4  startup_stm32f103xe.o [1]
  .text              ro code  0x08003354     0x4  startup_stm32f103xe.o [1]
  .text              ro code  0x08003358     0x4  startup_stm32f103xe.o [1]
  .text              ro code  0x0800335c     0x4  startup_stm32f103xe.o [1]
  .text              ro code  0x08003360     0x4  startup_stm32f103xe.o [1]
  .text              ro code  0x08003364     0x4  startup_stm32f103xe.o [1]
  .text              ro code  0x08003368     0x4  startup_stm32f103xe.o [1]
  .text              ro code  0x0800336c     0x4  startup_stm32f103xe.o [1]
  .text              ro code  0x08003370     0x4  startup_stm32f103xe.o [1]
  .text              ro code  0x08003374     0x4  startup_stm32f103xe.o [1]
  .text              ro code  0x08003378     0x4  startup_stm32f103xe.o [1]
  .text              ro code  0x0800337c     0x4  startup_stm32f103xe.o [1]
  .text              ro code  0x08003380     0x4  startup_stm32f103xe.o [1]
  .text              ro code  0x08003384     0x4  startup_stm32f103xe.o [1]
  .text              ro code  0x08003388     0x4  startup_stm32f103xe.o [1]
  .text              ro code  0x0800338c     0x4  startup_stm32f103xe.o [1]
  .text              ro code  0x08003390     0x4  startup_stm32f103xe.o [1]
  .text              ro code  0x08003394     0x4  startup_stm32f103xe.o [1]
  .text              ro code  0x08003398     0x4  startup_stm32f103xe.o [1]
  .text              ro code  0x0800339c     0x4  startup_stm32f103xe.o [1]
  .rodata            const    0x080033a0     0x0  zero_init3.o [4]
  .rodata            const    0x080033a0     0x0  packbits_init_single.o [4]
  Initializer bytes  const    0x080033a0    0x1c  <for P2-1>
                            - 0x080033bc  0x328c

"P2", part 1 of 3:                         0x10d
  P2-1                        0x20000000   0x10d  <Init block>
    .data            inited   0x20000000     0x4  main.o [1]
    .data            inited   0x20000004     0x4  rs485.o [1]
    .data            inited   0x20000008   0x100  rs485.o [1]
    .data            inited   0x20000108     0x4  system_stm32f1xx.o [1]
    .data            inited   0x2000010c     0x1  rs485.o [1]
                            - 0x2000010d   0x10d

"P2", part 2 of 3:                        0x140c
  .bss               zero     0x20000110   0x820  rs485.o [1]
  .bss               zero     0x20000930   0x400  main.o [1]
  .bss               zero     0x20000d30   0x400  main.o [1]
  .bss               zero     0x20001130   0x10c  rs485.o [1]
  .bss               zero     0x2000123c    0x44  main.o [1]
  .bss               zero     0x20001280    0x40  main.o [1]
  .bss               zero     0x200012c0    0x40  main.o [1]
  .bss               zero     0x20001300    0x40  main.o [1]
  .bss               zero     0x20001340    0x40  main.o [1]
  .bss               zero     0x20001380    0x40  main.o [1]
  .bss               zero     0x200013c0    0x40  main.o [1]
  .bss               zero     0x20001400    0x40  main.o [1]
  .bss               zero     0x20001440    0x40  main.o [1]
  .bss               zero     0x20001480    0x30  main.o [1]
  .bss               zero     0x200014b0    0x10  rs485.o [1]
  .bss               zero     0x200014c0     0x8  main.o [1]
  .bss               zero     0x200014c8     0x4  main.o [1]
  .bss               zero     0x200014cc     0x4  main.o [1]
  .bss               zero     0x200014d0     0x4  main.o [1]
  .bss               zero     0x200014d4     0x4  main.o [1]
  .bss               zero     0x200014d8     0x4  main.o [1]
  .bss               zero     0x200014dc     0x4  main.o [1]
  .bss               zero     0x200014e0     0x4  main.o [1]
  .bss               zero     0x200014e4     0x4  main.o [1]
  .bss               zero     0x200014e8     0x4  main.o [1]
  .bss               zero     0x200014ec     0x4  main.o [1]
  .bss               zero     0x200014f0     0x4  main.o [1]
  .bss               zero     0x200014f4     0x4  main.o [1]
  .bss               zero     0x200014f8     0x4  rs485.o [1]
  .bss               zero     0x200014fc     0x4  rs485.o [1]
  .bss               zero     0x20001500     0x4  rs485.o [1]
  .bss               zero     0x20001504     0x4  rs485.o [1]
  .bss               zero     0x20001508     0x4  rs485.o [1]
  .bss               zero     0x2000150c     0x4  rs485.o [1]
  .bss               zero     0x20001510     0x4  rs485.o [1]
  .bss               zero     0x20001514     0x4  stm32f1xx_hal.o [1]
  .bss               zero     0x20001518     0x1  main.o [1]
  .bss               zero     0x20001519     0x1  main.o [1]
  .bss               zero     0x2000151a     0x1  rs485.o [1]
                            - 0x2000151b  0x140b

"P2", part 3 of 3:                         0x400
  CSTACK                      0x20001520   0x400  <Block>
    CSTACK           uninit   0x20001520   0x400  <Block tail>
                            - 0x20001920   0x400


*******************************************************************************
*** INIT TABLE
***

          Address     Size
          -------     ----
Zero (__iar_zero_init3)
    1 destination range, total size 0x140b:
          0x20000110  0x140b

Copy/packbits (__iar_packbits_init_single3)
    1 source range, total size 0x1c (10% of destination):
          0x080033a0    0x1c
    1 destination range, total size 0x10d:
          0x20000000   0x10d



*******************************************************************************
*** MODULE SUMMARY
***

    Module                  ro code  ro data  rw data
    ------                  -------  -------  -------
F:\KisWire\sensors\TemperatureSensor\_Firmware\EWARM\MainController_DIY\Obj: [1]
    main.o                    1 068       60    2 738
    rs485.o                   1 484       28    2 654
    startup_stm32f103xe.o       520
    stm32f1xx_hal.o             138                 4
    stm32f1xx_hal_adc.o       1 688
    stm32f1xx_hal_adc_ex.o        2
    stm32f1xx_hal_cortex.o      374
    stm32f1xx_hal_dma.o       1 780
    stm32f1xx_hal_gpio.o        708
    stm32f1xx_hal_msp.o         612       72
    stm32f1xx_hal_rcc.o       1 772       18
    stm32f1xx_hal_rcc_ex.o      292
    stm32f1xx_hal_tim.o         382
    stm32f1xx_hal_tim_ex.o        4
    stm32f1xx_hal_uart.o      1 320
    stm32f1xx_it.o              168
    system_stm32f1xx.o          104       24        4
    -------------------------------------------------
    Total:                   12 416      202    5 400

command line: [2]
    -------------------------------------------------
    Total:

dl7M_tlf.a: [3]
    exit.o                        4
    low_level_init.o              4
    strcat.o                     32
    -------------------------------------------------
    Total:                       40

rt7M_tl.a: [4]
    ABImemcpy.o                 166
    cexit.o                      10
    cmain.o                      30
    cstartup_M.o                 12
    data_init.o                  40
    memcpy.o                     12
    packbits_init_single.o       56
    strcpy.o                     76
    strlen.o                     54
    zero_init3.o                 64
    -------------------------------------------------
    Total:                      520

shb_l.a: [5]
    exit.o                       20
    -------------------------------------------------
    Total:                       20

    Gaps                         14
    Linker created                        32    1 024
-----------------------------------------------------
    Grand Total:             13 010      234    6 424


*******************************************************************************
*** ENTRY LIST
***

Entry                      Address   Size  Type      Object
-----                      -------   ----  ----      ------
.iar.init_table$$Base   0x0800322c          --   Gb  - Linker created -
.iar.init_table$$Limit  0x0800324c          --   Gb  - Linker created -
?main                   0x0800324d         Code  Gb  cmain.o [4]
ADC1_2_IRQHandler       0x0800300f    0xa  Code  Gb  stm32f1xx_it.o [1]
ADC_ConversionStop_Disable
                        0x08001729   0x4a  Code  Gb  stm32f1xx_hal_adc.o [1]
ADC_DMAConvCplt         0x08001775   0x52  Code  Gb  stm32f1xx_hal_adc.o [1]
ADC_DMAError            0x080017d9   0x1e  Code  Gb  stm32f1xx_hal_adc.o [1]
ADC_DMAHalfConvCplt     0x080017c9    0xe  Code  Gb  stm32f1xx_hal_adc.o [1]
ADC_Enable              0x08001697   0x6e  Code  Gb  stm32f1xx_hal_adc.o [1]
AHBPrescTable           0x080032a4   0x10  Data  Gb  system_stm32f1xx.o [1]
APBPrescTable           0x080032d0    0x8  Data  Gb  system_stm32f1xx.o [1]
BusFault_Handler        0x08002fef    0x2  Code  Gb  stm32f1xx_it.o [1]
CSTACK$$Base            0x20001520          --   Gb  - Linker created -
CSTACK$$Limit           0x20001920          --   Gb  - Linker created -
CheckCmd                0x08002445   0x38  Code  Lc  rs485.o [1]
CheckID                 0x080023b1    0x6  Code  Lc  rs485.o [1]
ConfigureADC            0x08001d03   0x90  Code  Gb  main.o [1]
DMA1_Channel1_IRQHandler
                        0x08003005    0xa  Code  Gb  stm32f1xx_it.o [1]
DMA_SetConfig           0x080007f9   0x2c  Code  Lc  stm32f1xx_hal_dma.o [1]
DebugMon_Handler        0x08002ff5    0x2  Code  Gb  stm32f1xx_it.o [1]
GetAddr                 0x080025a7   0x94  Code  Gb  rs485.o [1]
HAL_ADCEx_InjectedConvCpltCallback
                        0x08001e89    0x2  Code  Wk  stm32f1xx_hal_adc_ex.o [1]
HAL_ADC_ConfigChannel   0x08001545  0x152  Code  Gb  stm32f1xx_hal_adc.o [1]
HAL_ADC_ConvCpltCallback
                        0x08001e1d   0x16  Code  Gb  main.o [1]
HAL_ADC_IRQHandler      0x0800143f  0x106  Code  Gb  stm32f1xx_hal_adc.o [1]
HAL_ADC_Init            0x08001165  0x164  Code  Gb  stm32f1xx_hal_adc.o [1]
HAL_ADC_MspInit         0x08001891   0xde  Code  Gb  stm32f1xx_hal_msp.o [1]
HAL_ADC_Start_DMA       0x080012c9  0x176  Code  Gb  stm32f1xx_hal_adc.o [1]
HAL_DMA_Abort_IT        0x08000267  0x1be  Code  Gb  stm32f1xx_hal_dma.o [1]
HAL_DMA_IRQHandler      0x08000469  0x358  Code  Gb  stm32f1xx_hal_dma.o [1]
HAL_DMA_Init            0x08000131   0x9e  Code  Gb  stm32f1xx_hal_dma.o [1]
HAL_DMA_Start_IT        0x080001cf   0x98  Code  Gb  stm32f1xx_hal_dma.o [1]
HAL_Delay               0x08002749   0x1e  Code  Wk  stm32f1xx_hal.o [1]
HAL_GPIO_Init           0x08001e91  0x24c  Code  Gb  stm32f1xx_hal_gpio.o [1]
HAL_GPIO_ReadPin        0x080020dd   0x16  Code  Gb  stm32f1xx_hal_gpio.o [1]
HAL_GPIO_WritePin       0x080020f3   0x1a  Code  Gb  stm32f1xx_hal_gpio.o [1]
HAL_GetTick             0x08000f11    0xc  Code  Wk  stm32f1xx_hal.o [1]
HAL_IncTick             0x08003091   0x10  Code  Wk  stm32f1xx_hal.o [1]
HAL_Init                0x08002155   0x22  Code  Gb  stm32f1xx_hal.o [1]
HAL_InitTick            0x08000f1d   0x28  Code  Wk  stm32f1xx_hal.o [1]
HAL_MspInit             0x080017f9   0x98  Code  Gb  stm32f1xx_hal_msp.o [1]
HAL_NVIC_EnableIRQ      0x080010fd    0xe  Code  Gb  stm32f1xx_hal_cortex.o [1]
HAL_NVIC_SetPriority    0x080010d3   0x2a  Code  Gb  stm32f1xx_hal_cortex.o [1]
HAL_NVIC_SetPriorityGrouping
                        0x080010c7    0xc  Code  Gb  stm32f1xx_hal_cortex.o [1]
HAL_RCCEx_PeriphCLKConfig
                        0x08002769  0x10e  Code  Gb  stm32f1xx_hal_rcc_ex.o [1]
HAL_RCC_ClockConfig     0x08000c7b  0x188  Code  Gb  stm32f1xx_hal_rcc.o [1]
HAL_RCC_GetHCLKFreq     0x08000e73    0x6  Code  Gb  stm32f1xx_hal_rcc.o [1]
HAL_RCC_GetPCLK1Freq    0x08000e79   0x16  Code  Gb  stm32f1xx_hal_rcc.o [1]
HAL_RCC_GetPCLK2Freq    0x08000e8f   0x16  Code  Gb  stm32f1xx_hal_rcc.o [1]
HAL_RCC_GetSysClockFreq
                        0x08000e03   0x70  Code  Gb  stm32f1xx_hal_rcc.o [1]
HAL_RCC_OscConfig       0x08000825  0x456  Code  Gb  stm32f1xx_hal_rcc.o [1]
HAL_SYSTICK_CLKSourceConfig
                        0x08001117   0x20  Code  Gb  stm32f1xx_hal_cortex.o [1]
HAL_SYSTICK_Config      0x0800110b    0xc  Code  Gb  stm32f1xx_hal_cortex.o [1]
HAL_SYSTICK_IRQHandler  0x08001159    0x8  Code  Gb  stm32f1xx_hal_cortex.o [1]
HAL_TIMEx_BreakCallback
                        0x08002fe1    0x2  Code  Wk  stm32f1xx_hal_tim_ex.o [1]
HAL_TIMEx_CommutationCallback
                        0x08002fe5    0x2  Code  Wk  stm32f1xx_hal_tim_ex.o [1]
HAL_TIM_IRQHandler      0x08002e65  0x176  Code  Gb  stm32f1xx_hal_tim.o [1]
HAL_TIM_PeriodElapsedCallback
                        0x08001b73   0x16  Code  Gb  main.o [1]
HAL_UART_ErrorCallback  0x08001dab   0x56  Code  Gb  main.o [1]
HAL_UART_IRQHandler     0x0800295d  0x14a  Code  Gb  stm32f1xx_hal_uart.o [1]
HAL_UART_Init           0x0800288d   0x76  Code  Gb  stm32f1xx_hal_uart.o [1]
HAL_UART_MspInit        0x0800196f   0xc0  Code  Gb  stm32f1xx_hal_msp.o [1]
HAL_UART_RxCpltCallback
                        0x0800268d   0x44  Code  Gb  rs485.o [1]
HAL_UART_Transmit_IT    0x08002903   0x5a  Code  Gb  stm32f1xx_hal_uart.o [1]
HAL_UART_TxCpltCallback
                        0x08001d93   0x18  Code  Gb  main.o [1]
HardFault_Handler       0x08002feb    0x2  Code  Gb  stm32f1xx_it.o [1]
IsValid                 0x080023b7   0x88  Code  Lc  rs485.o [1]
MX_GPIO_Init            0x08001c6f   0x94  Code  Lc  main.o [1]
MX_USART1_UART_Init     0x08001c25   0x4a  Code  Lc  main.o [1]
MemManage_Handler       0x08002fed    0x2  Code  Gb  stm32f1xx_it.o [1]
NMI_Handler             0x08002fe9    0x2  Code  Gb  stm32f1xx_it.o [1]
NVIC_EnableIRQ          0x08001013   0x16  Code  Lc  stm32f1xx_hal_cortex.o [1]
NVIC_EncodePriority     0x08001055   0x42  Code  Lc  stm32f1xx_hal_cortex.o [1]
NVIC_GetPriorityGrouping
                        0x08001009    0xa  Code  Lc  stm32f1xx_hal_cortex.o [1]
NVIC_SetPriority        0x08001029   0x2c  Code  Lc  stm32f1xx_hal_cortex.o [1]
NVIC_SetPriorityGrouping
                        0x08000fed   0x1c  Code  Lc  stm32f1xx_hal_cortex.o [1]
PendSV_Handler          0x08002ff7    0x2  Code  Gb  stm32f1xx_it.o [1]
ProcessInput            0x0800224d  0x164  Code  Gb  rs485.o [1]
RCC_Delay               0x08000ea5   0x26  Code  Lc  stm32f1xx_hal_rcc.o [1]
Region$$Table$$Base     0x0800322c          --   Gb  - Linker created -
Region$$Table$$Limit    0x0800324c          --   Gb  - Linker created -
RequestRecv             0x0800221f   0x2e  Code  Gb  rs485.o [1]
SVC_Handler             0x08002ff3    0x2  Code  Gb  stm32f1xx_it.o [1]
SendData                0x0800247d  0x12a  Code  Gb  rs485.o [1]
SysTick_Config          0x08001097   0x30  Code  Lc  stm32f1xx_hal_cortex.o [1]
SysTick_Handler         0x08002ff9    0xc  Code  Gb  stm32f1xx_it.o [1]
SystemClock_Config      0x08001b89   0x9c  Code  Gb  main.o [1]
SystemCoreClock         0x20000108    0x4  Data  Gb  system_stm32f1xx.o [1]
SystemInit              0x080030a1   0x4e  Code  Gb  system_stm32f1xx.o [1]
TIM2_IRQHandler         0x08003019    0xa  Code  Gb  stm32f1xx_it.o [1]
TIM3_IRQHandler         0x08003023    0xa  Code  Gb  stm32f1xx_it.o [1]
TIM5_IRQHandler         0x0800304b    0xa  Code  Gb  stm32f1xx_it.o [1]
TIM6_IRQHandler         0x08003055    0xa  Code  Gb  stm32f1xx_it.o [1]
TIM7_IRQHandler         0x0800305f    0xa  Code  Gb  stm32f1xx_it.o [1]
TIM8_UP_IRQHandler      0x08003041    0xa  Code  Gb  stm32f1xx_it.o [1]
UART_DMAAbortOnError    0x08002ac9   0x16  Code  Lc  stm32f1xx_hal_uart.o [1]
UART_EndRxTransfer      0x08002aa7   0x20  Code  Lc  stm32f1xx_hal_uart.o [1]
UART_EndTransmit_IT     0x08002b4f   0x20  Code  Lc  stm32f1xx_hal_uart.o [1]
UART_Receive_IT         0x08002b6f   0xae  Code  Lc  stm32f1xx_hal_uart.o [1]
UART_RxAgain            0x0800263b   0x52  Code  Gb  rs485.o [1]
UART_SetConfig          0x08002c1d  0x190  Code  Lc  stm32f1xx_hal_uart.o [1]
UART_Transmit_IT        0x08002ae1   0x6e  Code  Lc  stm32f1xx_hal_uart.o [1]
USART1_IRQHandler       0x0800302d    0xa  Code  Gb  stm32f1xx_it.o [1]
USART2_IRQHandler       0x08003037    0xa  Code  Gb  stm32f1xx_it.o [1]
USART_ClearITPendingBit
                        0x08001e01   0x1c  Code  Gb  main.o [1]
UsageFault_Handler      0x08002ff1    0x2  Code  Gb  stm32f1xx_it.o [1]
_Error_Handler          0x08001b71    0x2  Code  Gb  main.o [1]
__aeabi_memcpy          0x08000f45         Code  Gb  ABImemcpy.o [4]
__aeabi_memcpy4         0x08000f65         Code  Gb  ABImemcpy.o [4]
__aeabi_memcpy8         0x08000f65         Code  Gb  ABImemcpy.o [4]
__cmain                 0x0800324d         Code  Gb  cmain.o [4]
__exit                  0x08003281   0x14  Code  Gb  exit.o [5]
__iar_data_init3        0x08003205   0x28  Code  Gb  data_init.o [4]
__iar_packbits_init_single3
                        0x080031cd   0x38  Code  Gb  packbits_init_single.o [4]
__iar_program_start     0x080032c5         Code  Gb  cstartup_M.o [4]
__iar_systems$$module {Abs}
                        0x00000001         Data  Gb  command line/config [2]
__iar_zero_init3        0x08003151   0x40  Code  Gb  zero_init3.o [4]
__low_level_init        0x0800326b    0x4  Code  Gb  low_level_init.o [3]
__vector_table          0x08000000         Data  Gb  startup_stm32f103xe.o [1]
_call_main              0x08003259         Code  Gb  cmain.o [4]
_exit                   0x08003275         Code  Gb  cexit.o [4]
_main                   0x08003267         Code  Gb  cmain.o [4]
addr0                   0x20001500    0x4  Data  Gb  rs485.o [1]
addr1                   0x20001504    0x4  Data  Gb  rs485.o [1]
addr2                   0x20001508    0x4  Data  Gb  rs485.o [1]
addr3                   0x2000150c    0x4  Data  Gb  rs485.o [1]
cmdLen                  0x2000010c    0x1  Data  Gb  rs485.o [1]
cmdStr                  0x20001130  0x10c  Data  Gb  rs485.o [1]
cmdStrPrefix            0x20000008  0x100  Data  Gb  rs485.o [1]
data                    0x20000110  0x820  Data  Gb  rs485.o [1]
dataReady               0x200014ec    0x4  Data  Gb  main.o [1]
data_element            0x2000151a    0x1  Data  Lc  rs485.o [1]
errCode                 0x20000d30  0x400  Data  Gb  main.o [1]
exit                    0x0800326f    0x4  Code  Gb  exit.o [3]
g_ADCBuffer             0x20000930  0x400  Data  Gb  main.o [1]
g_ADCValue              0x200014e4    0x4  Data  Gb  main.o [1]
g_ADCValueDMA           0x200014c0    0x8  Data  Gb  main.o [1]
g_AdcHandle             0x20001480   0x30  Data  Gb  main.o [1]
g_DmaHandle             0x2000123c   0x44  Data  Gb  main.o [1]
htim2                   0x20001280   0x40  Data  Gb  main.o [1]
htim3                   0x200012c0   0x40  Data  Gb  main.o [1]
htim5                   0x20001300   0x40  Data  Gb  main.o [1]
htim6                   0x20001340   0x40  Data  Gb  main.o [1]
htim7                   0x20001380   0x40  Data  Gb  main.o [1]
htim8                   0x200013c0   0x40  Data  Gb  main.o [1]
huart1                  0x20001400   0x40  Data  Gb  main.o [1]
huart2                  0x20001440   0x40  Data  Gb  main.o [1]
idLen                   0x200014fc    0x4  Data  Lc  rs485.o [1]
lastByte                0x200014f4    0x4  Data  Gb  main.o [1]
main                    0x08001a5d  0x114  Code  Gb  main.o [1]
memcpy                  0x08002e57    0xc  Code  Gb  memcpy.o [4]
myAddr                  0x20000004    0x4  Data  Gb  rs485.o [1]
myChar                  0x20001519    0x1  Data  Gb  main.o [1]
nTIM5_ADC               0x20001518    0x1  Data  Gb  main.o [1]
prev                    0x200014f0    0x4  Data  Gb  main.o [1]
readCallback            0x200014d0    0x4  Data  Gb  main.o [1]
readErrorCount          0x200014e0    0x4  Data  Gb  main.o [1]
readyToReceive          0x200014c8    0x4  Data  Gb  main.o [1]
reqReceived             0x200014e8    0x4  Data  Gb  main.o [1]
requestOkay             0x20001510    0x4  Data  Gb  rs485.o [1]
rs485_Init              0x0800217d   0xa2  Code  Gb  rs485.o [1]
sendData                0x200014d4    0x4  Data  Gb  main.o [1]
sentBufferEmpty         0x20000000    0x4  Data  Gb  main.o [1]
strcat                  0x08002e01   0x20  Code  Gb  strcat.o [3]
strcpy                  0x08002db5         Code  Gb  strcpy.o [4]
strlen                  0x08002e21         Code  Gb  strlen.o [4]
transferCallback        0x200014cc    0x4  Data  Gb  main.o [1]
transferErrorCount      0x200014d8    0x4  Data  Gb  main.o [1]
turn                    0x200014f8    0x4  Data  Gb  rs485.o [1]
ucpRx1Buffer            0x200014b0   0x10  Data  Gb  rs485.o [1]
uwTick                  0x20001514    0x4  Data  Gb  stm32f1xx_hal.o [1]
writeErrorCount         0x200014dc    0x4  Data  Gb  main.o [1]


[1] = F:\KisWire\sensors\TemperatureSensor\_Firmware\EWARM\MainController_DIY\Obj
[2] = command line
[3] = dl7M_tlf.a
[4] = rt7M_tl.a
[5] = shb_l.a

  13 010 bytes of readonly  code memory
     234 bytes of readonly  data memory
   6 424 bytes of readwrite data memory

Errors: none
Warnings: none
