###############################################################################
#
# IAR ELF Linker V8.22.1.15669/W32 for ARM                16/Apr/2018  10:42:51
# Copyright 2007-2018 IAR Systems AB.
#
#    Output file  =  
#        F:\KisWire\sensors\TemperatureSensor\_Firmware\EWARM\MainController_DIY\Exe\MainController_DIY.out
#    Map file     =  
#        F:\KisWire\sensors\TemperatureSensor\_Firmware\EWARM\MainController_DIY\List\MainController_DIY.map
#    Command line =  
#        -f C:\Users\MKHASA~1\AppData\Local\Temp\EW5D94.tmp
#        (F:\KisWire\sensors\TemperatureSensor\_Firmware\EWARM\MainController_DIY\Obj\dwt_stm32_delay.o
#        F:\KisWire\sensors\TemperatureSensor\_Firmware\EWARM\MainController_DIY\Obj\main.o
#        F:\KisWire\sensors\TemperatureSensor\_Firmware\EWARM\MainController_DIY\Obj\rs485.o
#        F:\KisWire\sensors\TemperatureSensor\_Firmware\EWARM\MainController_DIY\Obj\startup_stm32f103xe.o
#        F:\KisWire\sensors\TemperatureSensor\_Firmware\EWARM\MainController_DIY\Obj\stm32f1xx_hal.o
#        F:\KisWire\sensors\TemperatureSensor\_Firmware\EWARM\MainController_DIY\Obj\stm32f1xx_hal_adc.o
#        F:\KisWire\sensors\TemperatureSensor\_Firmware\EWARM\MainController_DIY\Obj\stm32f1xx_hal_adc_ex.o
#        F:\KisWire\sensors\TemperatureSensor\_Firmware\EWARM\MainController_DIY\Obj\stm32f1xx_hal_cortex.o
#        F:\KisWire\sensors\TemperatureSensor\_Firmware\EWARM\MainController_DIY\Obj\stm32f1xx_hal_dma.o
#        F:\KisWire\sensors\TemperatureSensor\_Firmware\EWARM\MainController_DIY\Obj\stm32f1xx_hal_flash.o
#        F:\KisWire\sensors\TemperatureSensor\_Firmware\EWARM\MainController_DIY\Obj\stm32f1xx_hal_flash_ex.o
#        F:\KisWire\sensors\TemperatureSensor\_Firmware\EWARM\MainController_DIY\Obj\stm32f1xx_hal_gpio.o
#        F:\KisWire\sensors\TemperatureSensor\_Firmware\EWARM\MainController_DIY\Obj\stm32f1xx_hal_gpio_ex.o
#        F:\KisWire\sensors\TemperatureSensor\_Firmware\EWARM\MainController_DIY\Obj\stm32f1xx_hal_msp.o
#        F:\KisWire\sensors\TemperatureSensor\_Firmware\EWARM\MainController_DIY\Obj\stm32f1xx_hal_pwr.o
#        F:\KisWire\sensors\TemperatureSensor\_Firmware\EWARM\MainController_DIY\Obj\stm32f1xx_hal_rcc.o
#        F:\KisWire\sensors\TemperatureSensor\_Firmware\EWARM\MainController_DIY\Obj\stm32f1xx_hal_rcc_ex.o
#        F:\KisWire\sensors\TemperatureSensor\_Firmware\EWARM\MainController_DIY\Obj\stm32f1xx_hal_tim.o
#        F:\KisWire\sensors\TemperatureSensor\_Firmware\EWARM\MainController_DIY\Obj\stm32f1xx_hal_tim_ex.o
#        F:\KisWire\sensors\TemperatureSensor\_Firmware\EWARM\MainController_DIY\Obj\stm32f1xx_hal_uart.o
#        F:\KisWire\sensors\TemperatureSensor\_Firmware\EWARM\MainController_DIY\Obj\stm32f1xx_it.o
#        F:\KisWire\sensors\TemperatureSensor\_Firmware\EWARM\MainController_DIY\Obj\system_stm32f1xx.o
#        --redirect _Printf=_PrintfFull --redirect _Scanf=_ScanfFull -o
#        F:\KisWire\sensors\TemperatureSensor\_Firmware\EWARM\MainController_DIY\Exe\MainController_DIY.out
#        --map
#        F:\KisWire\sensors\TemperatureSensor\_Firmware\EWARM\MainController_DIY\List\MainController_DIY.map
#        --config
#        F:\KisWire\sensors\TemperatureSensor\_Firmware\EWARM/stm32f103xe_flash.icf
#        --semihosting --entry __iar_program_start --vfe --text_out locale)
#
###############################################################################

*******************************************************************************
*** RUNTIME MODEL ATTRIBUTES
***

CppFlavor       = *
__SystemLibrary = DLib
__dlib_version  = 6


*******************************************************************************
*** HEAP SELECTION
***

The basic heap was selected because some modules are built with
size limitations (and not runtime checking), and --advanced_heap
was not specified.


*******************************************************************************
*** PLACEMENT SUMMARY
***

"A0":  place at 0x08000000 { ro section .intvec };
"P1":  place in [from 0x08000000 to 0x0807ffff] { ro };
define block CSTACK with size = 1K, alignment = 8 { };
define block HEAP with size = 512, alignment = 8 { };
"P2":  place in [from 0x20000000 to 0x2000ffff] {
          rw, block CSTACK, block HEAP };
initialize by copy { rw };

  Section            Kind        Address    Size  Object
  -------            ----        -------    ----  ------
"A0":                                      0x130
  .intvec            ro code  0x08000000   0x130  startup_stm32f103xe.o [1]
                            - 0x08000130   0x130

"P1":                                     0x2964
  .text              ro code  0x08000130   0x744  stm32f1xx_hal_adc.o [1]
  .text              ro code  0x08000874   0x174  stm32f1xx_hal_msp.o [1]
  .text              ro code  0x080009e8     0xc  stm32f1xx_hal.o [1]
  .text              ro code  0x080009f4   0x260  stm32f1xx_hal_rcc_ex.o [1]
  .text              ro code  0x08000c54   0x29c  main.o [1]
  .text              ro code  0x08000ef0     0x2  stm32f1xx_hal_adc_ex.o [1]
  .text              ro code  0x08000ef2     0x2  stm32f1xx_hal_adc.o [1]
  .text              ro code  0x08000ef4   0x176  stm32f1xx_hal_cortex.o [1]
  .rodata            const    0x0800106a     0x2  stm32f1xx_hal_rcc.o [1]
  .text              ro code  0x0800106c   0x2b0  stm32f1xx_hal_gpio.o [1]
  .text              ro code  0x0800131c    0x86  ABImemcpy.o [4]
  .rodata            const    0x080013a2     0x2  stm32f1xx_hal_rcc_ex.o [1]
  .text              ro code  0x080013a4   0x6ec  stm32f1xx_hal_rcc.o [1]
  .text              ro code  0x08001a90    0x28  stm32f1xx_hal.o [1]
  .text              ro code  0x08001ab8   0x4d0  stm32f1xx_hal_uart.o [1]
  .text              ro code  0x08001f88    0x28  stm32f1xx_hal.o [1]
  .text              ro code  0x08001fb0   0x584  stm32f1xx_hal_dma.o [1]
  .text              ro code  0x08002534     0x2  stm32f1xx_hal_uart.o [1]
  .text              ro code  0x08002536     0x2  stm32f1xx_hal_uart.o [1]
  .text              ro code  0x08002538    0x58  rs485.o [1]
  .text              ro code  0x08002590   0x176  stm32f1xx_hal_tim.o [1]
  .text              ro code  0x08002706     0x2  stm32f1xx_hal_tim.o [1]
  .text              ro code  0x08002708     0x2  stm32f1xx_hal_tim.o [1]
  .text              ro code  0x0800270a     0x2  stm32f1xx_hal_tim.o [1]
  .text              ro code  0x0800270c     0x2  stm32f1xx_hal_tim_ex.o [1]
  .text              ro code  0x0800270e     0x2  stm32f1xx_hal_tim.o [1]
  .text              ro code  0x08002710     0x2  stm32f1xx_hal_tim_ex.o [1]
  .text              ro code  0x08002714    0xa8  stm32f1xx_it.o [1]
  .text              ro code  0x080027bc    0x10  stm32f1xx_hal.o [1]
  .text              ro code  0x080027cc    0x68  system_stm32f1xx.o [1]
  .text              ro code  0x08002834    0x40  zero_init3.o [4]
  .rodata            const    0x08002874    0x3c  main.o [1]
  .text              ro code  0x080028b0    0x2c  copy_init3.o [4]
  .text              ro code  0x080028dc    0x28  data_init.o [4]
  .iar.init_table    const    0x08002904    0x24  - Linker created -
  .text              ro code  0x08002928    0x1e  cmain.o [4]
  .text              ro code  0x08002946     0x4  low_level_init.o [3]
  .text              ro code  0x0800294a     0x4  exit.o [3]
  .text              ro code  0x08002950     0xa  cexit.o [4]
  .text              ro code  0x0800295c    0x14  exit.o [5]
  .rodata            const    0x08002970    0x10  stm32f1xx_hal_rcc.o [1]
  .rodata            const    0x08002980    0x10  stm32f1xx_hal_rcc_ex.o [1]
  .rodata            const    0x08002990    0x10  system_stm32f1xx.o [1]
  .text              ro code  0x080029a0    0x10  startup_stm32f103xe.o [1]
  .text              ro code  0x080029b0     0xc  cstartup_M.o [4]
  .rodata            const    0x080029bc     0x8  system_stm32f1xx.o [1]
  Initializer bytes  const    0x080029c4     0x8  <for P2-1>
  .text              ro code  0x080029cc     0x4  startup_stm32f103xe.o [1]
  .text              ro code  0x080029d0     0x4  startup_stm32f103xe.o [1]
  .text              ro code  0x080029d4     0x4  startup_stm32f103xe.o [1]
  .text              ro code  0x080029d8     0x4  startup_stm32f103xe.o [1]
  .text              ro code  0x080029dc     0x4  startup_stm32f103xe.o [1]
  .text              ro code  0x080029e0     0x4  startup_stm32f103xe.o [1]
  .text              ro code  0x080029e4     0x4  startup_stm32f103xe.o [1]
  .text              ro code  0x080029e8     0x4  startup_stm32f103xe.o [1]
  .text              ro code  0x080029ec     0x4  startup_stm32f103xe.o [1]
  .text              ro code  0x080029f0     0x4  startup_stm32f103xe.o [1]
  .text              ro code  0x080029f4     0x4  startup_stm32f103xe.o [1]
  .text              ro code  0x080029f8     0x4  startup_stm32f103xe.o [1]
  .text              ro code  0x080029fc     0x4  startup_stm32f103xe.o [1]
  .text              ro code  0x08002a00     0x4  startup_stm32f103xe.o [1]
  .text              ro code  0x08002a04     0x4  startup_stm32f103xe.o [1]
  .text              ro code  0x08002a08     0x4  startup_stm32f103xe.o [1]
  .text              ro code  0x08002a0c     0x4  startup_stm32f103xe.o [1]
  .text              ro code  0x08002a10     0x4  startup_stm32f103xe.o [1]
  .text              ro code  0x08002a14     0x4  startup_stm32f103xe.o [1]
  .text              ro code  0x08002a18     0x4  startup_stm32f103xe.o [1]
  .text              ro code  0x08002a1c     0x4  startup_stm32f103xe.o [1]
  .text              ro code  0x08002a20     0x4  startup_stm32f103xe.o [1]
  .text              ro code  0x08002a24     0x4  startup_stm32f103xe.o [1]
  .text              ro code  0x08002a28     0x4  startup_stm32f103xe.o [1]
  .text              ro code  0x08002a2c     0x4  startup_stm32f103xe.o [1]
  .text              ro code  0x08002a30     0x4  startup_stm32f103xe.o [1]
  .text              ro code  0x08002a34     0x4  startup_stm32f103xe.o [1]
  .text              ro code  0x08002a38     0x4  startup_stm32f103xe.o [1]
  .text              ro code  0x08002a3c     0x4  startup_stm32f103xe.o [1]
  .text              ro code  0x08002a40     0x4  startup_stm32f103xe.o [1]
  .text              ro code  0x08002a44     0x4  startup_stm32f103xe.o [1]
  .text              ro code  0x08002a48     0x4  startup_stm32f103xe.o [1]
  .text              ro code  0x08002a4c     0x4  startup_stm32f103xe.o [1]
  .text              ro code  0x08002a50     0x4  startup_stm32f103xe.o [1]
  .text              ro code  0x08002a54     0x4  startup_stm32f103xe.o [1]
  .text              ro code  0x08002a58     0x4  startup_stm32f103xe.o [1]
  .text              ro code  0x08002a5c     0x4  startup_stm32f103xe.o [1]
  .text              ro code  0x08002a60     0x4  startup_stm32f103xe.o [1]
  .text              ro code  0x08002a64     0x4  startup_stm32f103xe.o [1]
  .text              ro code  0x08002a68     0x4  startup_stm32f103xe.o [1]
  .text              ro code  0x08002a6c     0x4  startup_stm32f103xe.o [1]
  .text              ro code  0x08002a70     0x4  startup_stm32f103xe.o [1]
  .text              ro code  0x08002a74     0x4  startup_stm32f103xe.o [1]
  .text              ro code  0x08002a78     0x4  startup_stm32f103xe.o [1]
  .text              ro code  0x08002a7c     0x4  startup_stm32f103xe.o [1]
  .text              ro code  0x08002a80     0x4  startup_stm32f103xe.o [1]
  .text              ro code  0x08002a84     0x4  startup_stm32f103xe.o [1]
  .text              ro code  0x08002a88     0x4  startup_stm32f103xe.o [1]
  .text              ro code  0x08002a8c     0x4  startup_stm32f103xe.o [1]
  .text              ro code  0x08002a90     0x4  startup_stm32f103xe.o [1]
  .rodata            const    0x08002a94     0x0  zero_init3.o [4]
  .rodata            const    0x08002a94     0x0  copy_init3.o [4]
                            - 0x08002a94  0x2964

"P2", part 1 of 3:                           0x8
  P2-1                        0x20000000     0x8  <Init block>
    .data            inited   0x20000000     0x4  main.o [1]
    .data            inited   0x20000004     0x4  system_stm32f1xx.o [1]
                            - 0x20000008     0x8

"P2", part 2 of 3:                         0xae0
  .bss               zero     0x20000008   0x81c  rs485.o [1]
  .bss               zero     0x20000824    0x44  main.o [1]
  .bss               zero     0x20000868    0x40  main.o [1]
  .bss               zero     0x200008a8    0x40  main.o [1]
  .bss               zero     0x200008e8    0x40  main.o [1]
  .bss               zero     0x20000928    0x40  main.o [1]
  .bss               zero     0x20000968    0x40  main.o [1]
  .bss               zero     0x200009a8    0x40  main.o [1]
  .bss               zero     0x200009e8    0x40  main.o [1]
  .bss               zero     0x20000a28    0x40  main.o [1]
  .bss               zero     0x20000a68    0x30  main.o [1]
  .bss               zero     0x20000a98    0x30  main.o [1]
  .bss               zero     0x20000ac8    0x10  rs485.o [1]
  .bss               zero     0x20000ad8     0x4  main.o [1]
  .bss               zero     0x20000adc     0x4  main.o [1]
  .bss               zero     0x20000ae0     0x4  stm32f1xx_hal.o [1]
  .bss               zero     0x20000ae4     0x1  main.o [1]
  .bss               zero     0x20000ae5     0x1  main.o [1]
                            - 0x20000ae6   0xade

"P2", part 3 of 3:                         0x400
  CSTACK                      0x20000ae8   0x400  <Block>
    CSTACK           uninit   0x20000ae8   0x400  <Block tail>
                            - 0x20000ee8   0x400


*******************************************************************************
*** INIT TABLE
***

          Address     Size
          -------     ----
Zero (__iar_zero_init3)
    1 destination range, total size 0xade:
          0x20000008  0xade

Copy (__iar_copy_init3)
    1 source range, total size 0x8:
          0x080029c4    0x8
    1 destination range, total size 0x8:
          0x20000000    0x8



*******************************************************************************
*** MODULE SUMMARY
***

    Module                  ro code  ro data  rw data
    ------                  -------  -------  -------
F:\KisWire\sensors\TemperatureSensor\_Firmware\EWARM\MainController_DIY\Obj: [1]
    main.o                      668       64      690
    rs485.o                      88             2 092
    startup_stm32f103xe.o       520
    stm32f1xx_hal.o             108                 4
    stm32f1xx_hal_adc.o       1 862
    stm32f1xx_hal_adc_ex.o        2
    stm32f1xx_hal_cortex.o      374
    stm32f1xx_hal_dma.o       1 412
    stm32f1xx_hal_gpio.o        688
    stm32f1xx_hal_msp.o         372
    stm32f1xx_hal_rcc.o       1 772       18
    stm32f1xx_hal_rcc_ex.o      608       18
    stm32f1xx_hal_tim.o         382
    stm32f1xx_hal_tim_ex.o        4
    stm32f1xx_hal_uart.o      1 236
    stm32f1xx_it.o              168
    system_stm32f1xx.o          104       28        4
    -------------------------------------------------
    Total:                   10 368      128    2 790

command line: [2]
    -------------------------------------------------
    Total:

dl7M_tlf.a: [3]
    exit.o                        4
    low_level_init.o              4
    -------------------------------------------------
    Total:                        8

rt7M_tl.a: [4]
    ABImemcpy.o                 134
    cexit.o                      10
    cmain.o                      30
    copy_init3.o                 44
    cstartup_M.o                 12
    data_init.o                  40
    zero_init3.o                 64
    -------------------------------------------------
    Total:                      334

shb_l.a: [5]
    exit.o                       20
    -------------------------------------------------
    Total:                       20

    Gaps                          6
    Linker created                        36    1 024
-----------------------------------------------------
    Grand Total:             10 736      164    3 814


*******************************************************************************
*** ENTRY LIST
***

Entry                      Address   Size  Type      Object
-----                      -------   ----  ----      ------
.iar.init_table$$Base   0x08002904          --   Gb  - Linker created -
.iar.init_table$$Limit  0x08002928          --   Gb  - Linker created -
?main                   0x08002929         Code  Gb  cmain.o [4]
ADC1_2_IRQHandler       0x0800273b    0xa  Code  Gb  stm32f1xx_it.o [1]
ADC_ConversionStop_Disable
                        0x08000829   0x4a  Code  Gb  stm32f1xx_hal_adc.o [1]
ADC_Enable              0x08000783   0x6e  Code  Gb  stm32f1xx_hal_adc.o [1]
AHBPrescTable           0x08002990   0x10  Data  Gb  system_stm32f1xx.o [1]
APBPrescTable           0x080029bc    0x8  Data  Gb  system_stm32f1xx.o [1]
BusFault_Handler        0x0800271b    0x2  Code  Gb  stm32f1xx_it.o [1]
CSTACK$$Base            0x20000ae8          --   Gb  - Linker created -
CSTACK$$Limit           0x20000ee8          --   Gb  - Linker created -
ConfigureADC            0x08000df7   0xc6  Code  Gb  main.o [1]
DMA1_Channel1_IRQHandler
                        0x08002731    0xa  Code  Gb  stm32f1xx_it.o [1]
DebugMon_Handler        0x08002721    0x2  Code  Gb  stm32f1xx_it.o [1]
HAL_ADCEx_InjectedConvCpltCallback
                        0x08000ef1    0x2  Code  Wk  stm32f1xx_hal_adc_ex.o [1]
HAL_ADC_ConfigChannel   0x08000631  0x152  Code  Gb  stm32f1xx_hal_adc.o [1]
HAL_ADC_ConvCpltCallback
                        0x08000def    0x8  Code  Gb  main.o [1]
HAL_ADC_GetValue        0x08000525    0x6  Code  Gb  stm32f1xx_hal_adc.o [1]
HAL_ADC_IRQHandler      0x0800052b  0x106  Code  Gb  stm32f1xx_hal_adc.o [1]
HAL_ADC_Init            0x08000131  0x164  Code  Gb  stm32f1xx_hal_adc.o [1]
HAL_ADC_MspInit         0x0800090d    0x2  Code  Gb  stm32f1xx_hal_msp.o [1]
HAL_ADC_PollForConversion
                        0x080003bf  0x166  Code  Gb  stm32f1xx_hal_adc.o [1]
HAL_ADC_Start           0x08000295  0x12a  Code  Gb  stm32f1xx_hal_adc.o [1]
HAL_DMA_Abort_IT        0x08001fb1  0x1be  Code  Gb  stm32f1xx_hal_dma.o [1]
HAL_DMA_IRQHandler      0x080021a5  0x358  Code  Gb  stm32f1xx_hal_dma.o [1]
HAL_GPIO_Init           0x0800106d  0x24c  Code  Gb  stm32f1xx_hal_gpio.o [1]
HAL_GPIO_WritePin       0x080012b9   0x1a  Code  Gb  stm32f1xx_hal_gpio.o [1]
HAL_GetTick             0x080009e9    0xc  Code  Wk  stm32f1xx_hal.o [1]
HAL_IncTick             0x080027bd   0x10  Code  Wk  stm32f1xx_hal.o [1]
HAL_Init                0x08001a91   0x22  Code  Gb  stm32f1xx_hal.o [1]
HAL_InitTick            0x08001f89   0x28  Code  Wk  stm32f1xx_hal.o [1]
HAL_MspInit             0x08000875   0x98  Code  Gb  stm32f1xx_hal_msp.o [1]
HAL_NVIC_EnableIRQ      0x08001005    0xe  Code  Gb  stm32f1xx_hal_cortex.o [1]
HAL_NVIC_SetPriority    0x08000fdb   0x2a  Code  Gb  stm32f1xx_hal_cortex.o [1]
HAL_NVIC_SetPriorityGrouping
                        0x08000fcf    0xc  Code  Gb  stm32f1xx_hal_cortex.o [1]
HAL_RCCEx_GetPeriphCLKFreq
                        0x08000b03  0x122  Code  Gb  stm32f1xx_hal_rcc_ex.o [1]
HAL_RCCEx_PeriphCLKConfig
                        0x080009f5  0x10e  Code  Gb  stm32f1xx_hal_rcc_ex.o [1]
HAL_RCC_ClockConfig     0x080017fb  0x188  Code  Gb  stm32f1xx_hal_rcc.o [1]
HAL_RCC_GetHCLKFreq     0x080019f3    0x6  Code  Gb  stm32f1xx_hal_rcc.o [1]
HAL_RCC_GetPCLK1Freq    0x080019f9   0x16  Code  Gb  stm32f1xx_hal_rcc.o [1]
HAL_RCC_GetPCLK2Freq    0x08001a0f   0x16  Code  Gb  stm32f1xx_hal_rcc.o [1]
HAL_RCC_GetSysClockFreq
                        0x08001983   0x70  Code  Gb  stm32f1xx_hal_rcc.o [1]
HAL_RCC_OscConfig       0x080013a5  0x456  Code  Gb  stm32f1xx_hal_rcc.o [1]
HAL_SYSTICK_CLKSourceConfig
                        0x0800101f   0x20  Code  Gb  stm32f1xx_hal_cortex.o [1]
HAL_SYSTICK_Config      0x08001013    0xc  Code  Gb  stm32f1xx_hal_cortex.o [1]
HAL_SYSTICK_IRQHandler  0x08001061    0x8  Code  Gb  stm32f1xx_hal_cortex.o [1]
HAL_TIMEx_BreakCallback
                        0x0800270d    0x2  Code  Wk  stm32f1xx_hal_tim_ex.o [1]
HAL_TIMEx_CommutationCallback
                        0x08002711    0x2  Code  Wk  stm32f1xx_hal_tim_ex.o [1]
HAL_TIM_IRQHandler      0x08002591  0x176  Code  Gb  stm32f1xx_hal_tim.o [1]
HAL_TIM_PeriodElapsedCallback
                        0x08000c95   0x16  Code  Gb  main.o [1]
HAL_UART_IRQHandler     0x08001b2f  0x14a  Code  Gb  stm32f1xx_hal_uart.o [1]
HAL_UART_Init           0x08001ab9   0x76  Code  Gb  stm32f1xx_hal_uart.o [1]
HAL_UART_MspInit        0x0800090f   0xc0  Code  Gb  stm32f1xx_hal_msp.o [1]
HAL_UART_RxCpltCallback
                        0x08002539   0x48  Code  Gb  rs485.o [1]
HardFault_Handler       0x08002717    0x2  Code  Gb  stm32f1xx_it.o [1]
MX_GPIO_Init            0x08000d9d   0x52  Code  Lc  main.o [1]
MX_USART1_UART_Init     0x08000d53   0x4a  Code  Lc  main.o [1]
MemManage_Handler       0x08002719    0x2  Code  Gb  stm32f1xx_it.o [1]
NMI_Handler             0x08002715    0x2  Code  Gb  stm32f1xx_it.o [1]
NVIC_EnableIRQ          0x08000f1b   0x16  Code  Lc  stm32f1xx_hal_cortex.o [1]
NVIC_EncodePriority     0x08000f5d   0x42  Code  Lc  stm32f1xx_hal_cortex.o [1]
NVIC_GetPriorityGrouping
                        0x08000f11    0xa  Code  Lc  stm32f1xx_hal_cortex.o [1]
NVIC_SetPriority        0x08000f31   0x2c  Code  Lc  stm32f1xx_hal_cortex.o [1]
NVIC_SetPriorityGrouping
                        0x08000ef5   0x1c  Code  Lc  stm32f1xx_hal_cortex.o [1]
PendSV_Handler          0x08002723    0x2  Code  Gb  stm32f1xx_it.o [1]
RCC_Delay               0x08001a25   0x26  Code  Lc  stm32f1xx_hal_rcc.o [1]
Region$$Table$$Base     0x08002904          --   Gb  - Linker created -
Region$$Table$$Limit    0x08002928          --   Gb  - Linker created -
SVC_Handler             0x0800271f    0x2  Code  Gb  stm32f1xx_it.o [1]
SysTick_Config          0x08000f9f   0x30  Code  Lc  stm32f1xx_hal_cortex.o [1]
SysTick_Handler         0x08002725    0xc  Code  Gb  stm32f1xx_it.o [1]
SystemClock_Config      0x08000cab   0xa8  Code  Gb  main.o [1]
SystemCoreClock         0x20000004    0x4  Data  Gb  system_stm32f1xx.o [1]
SystemInit              0x080027cd   0x4e  Code  Gb  system_stm32f1xx.o [1]
TIM2_IRQHandler         0x08002745    0xa  Code  Gb  stm32f1xx_it.o [1]
TIM3_IRQHandler         0x0800274f    0xa  Code  Gb  stm32f1xx_it.o [1]
TIM5_IRQHandler         0x08002777    0xa  Code  Gb  stm32f1xx_it.o [1]
TIM6_IRQHandler         0x08002781    0xa  Code  Gb  stm32f1xx_it.o [1]
TIM7_IRQHandler         0x0800278b    0xa  Code  Gb  stm32f1xx_it.o [1]
TIM8_UP_IRQHandler      0x0800276d    0xa  Code  Gb  stm32f1xx_it.o [1]
UART_DMAAbortOnError    0x08001c9d   0x16  Code  Lc  stm32f1xx_hal_uart.o [1]
UART_EndRxTransfer      0x08001c79   0x20  Code  Lc  stm32f1xx_hal_uart.o [1]
UART_EndTransmit_IT     0x08001d23   0x20  Code  Lc  stm32f1xx_hal_uart.o [1]
UART_Receive_IT         0x08001d43   0xae  Code  Lc  stm32f1xx_hal_uart.o [1]
UART_SetConfig          0x08001df1  0x190  Code  Lc  stm32f1xx_hal_uart.o [1]
UART_Transmit_IT        0x08001cb5   0x6e  Code  Lc  stm32f1xx_hal_uart.o [1]
USART1_IRQHandler       0x08002759    0xa  Code  Gb  stm32f1xx_it.o [1]
USART2_IRQHandler       0x08002763    0xa  Code  Gb  stm32f1xx_it.o [1]
UsageFault_Handler      0x0800271d    0x2  Code  Gb  stm32f1xx_it.o [1]
_Error_Handler          0x08000c93    0x2  Code  Gb  main.o [1]
__aeabi_memcpy4         0x0800131d         Code  Gb  ABImemcpy.o [4]
__aeabi_memcpy8         0x0800131d         Code  Gb  ABImemcpy.o [4]
__cmain                 0x08002929         Code  Gb  cmain.o [4]
__exit                  0x0800295d   0x14  Code  Gb  exit.o [5]
__iar_copy_init3        0x080028b1   0x2c  Code  Gb  copy_init3.o [4]
__iar_data_init3        0x080028dd   0x28  Code  Gb  data_init.o [4]
__iar_program_start     0x080029b1         Code  Gb  cstartup_M.o [4]
__iar_systems$$module {Abs}
                        0x00000001         Data  Gb  command line/config [2]
__iar_zero_init3        0x08002835   0x40  Code  Gb  zero_init3.o [4]
__low_level_init        0x08002947    0x4  Code  Gb  low_level_init.o [3]
__vector_table          0x08000000         Data  Gb  startup_stm32f103xe.o [1]
_call_main              0x08002935         Code  Gb  cmain.o [4]
_exit                   0x08002951         Code  Gb  cexit.o [4]
_main                   0x08002943         Code  Gb  cmain.o [4]
countX                  0x20000000    0x4  Data  Gb  main.o [1]
data                    0x20000008  0x81c  Data  Gb  rs485.o [1]
exit                    0x0800294b    0x4  Code  Gb  exit.o [3]
g_ADCValue              0x20000ad8    0x4  Data  Gb  main.o [1]
g_AdcHandle             0x20000a98   0x30  Data  Gb  main.o [1]
g_MeasurementNumber     0x20000adc    0x4  Data  Gb  main.o [1]
hadc1                   0x20000a68   0x30  Data  Gb  main.o [1]
hdma_adc1               0x20000824   0x44  Data  Gb  main.o [1]
htim2                   0x20000868   0x40  Data  Gb  main.o [1]
htim3                   0x200008a8   0x40  Data  Gb  main.o [1]
htim5                   0x200008e8   0x40  Data  Gb  main.o [1]
htim6                   0x20000928   0x40  Data  Gb  main.o [1]
htim7                   0x20000968   0x40  Data  Gb  main.o [1]
htim8                   0x200009a8   0x40  Data  Gb  main.o [1]
huart1                  0x200009e8   0x40  Data  Gb  main.o [1]
huart2                  0x20000a28   0x40  Data  Gb  main.o [1]
main                    0x08000c55   0x3e  Code  Gb  main.o [1]
nTIM5_ADC               0x20000ae4    0x1  Data  Gb  main.o [1]
ucADC_Event             0x20000ae5    0x1  Data  Gb  main.o [1]
ucpRx1Buffer            0x20000ac8   0x10  Data  Gb  rs485.o [1]
uwTick                  0x20000ae0    0x4  Data  Gb  stm32f1xx_hal.o [1]


[1] = F:\KisWire\sensors\TemperatureSensor\_Firmware\EWARM\MainController_DIY\Obj
[2] = command line
[3] = dl7M_tlf.a
[4] = rt7M_tl.a
[5] = shb_l.a

  10 736 bytes of readonly  code memory
     164 bytes of readonly  data memory
   3 814 bytes of readwrite data memory

Errors: none
Warnings: none
