###############################################################################
#
# IAR ELF Linker V8.22.1.15669/W32 for ARM                13/Apr/2018  21:47:46
# Copyright 2007-2018 IAR Systems AB.
#
#    Output file  =  
#        F:\KisWire\sensors\TemperatureSensor\_Firmware\EWARM\MainController_DIY\Exe\MainController_DIY.out
#    Map file     =  
#        F:\KisWire\sensors\TemperatureSensor\_Firmware\EWARM\MainController_DIY\List\MainController_DIY.map
#    Command line =  
#        -f C:\Users\MKHASA~1\AppData\Local\Temp\EWE6FE.tmp
#        (F:\KisWire\sensors\TemperatureSensor\_Firmware\EWARM\MainController_DIY\Obj\dwt_stm32_delay.o
#        F:\KisWire\sensors\TemperatureSensor\_Firmware\EWARM\MainController_DIY\Obj\main.o
#        F:\KisWire\sensors\TemperatureSensor\_Firmware\EWARM\MainController_DIY\Obj\rs485.o
#        F:\KisWire\sensors\TemperatureSensor\_Firmware\EWARM\MainController_DIY\Obj\startup_stm32f103xe.o
#        F:\KisWire\sensors\TemperatureSensor\_Firmware\EWARM\MainController_DIY\Obj\stm32f1xx_hal.o
#        F:\KisWire\sensors\TemperatureSensor\_Firmware\EWARM\MainController_DIY\Obj\stm32f1xx_hal_adc.o
#        F:\KisWire\sensors\TemperatureSensor\_Firmware\EWARM\MainController_DIY\Obj\stm32f1xx_hal_adc_ex.o
#        F:\KisWire\sensors\TemperatureSensor\_Firmware\EWARM\MainController_DIY\Obj\stm32f1xx_hal_cortex.o
#        F:\KisWire\sensors\TemperatureSensor\_Firmware\EWARM\MainController_DIY\Obj\stm32f1xx_hal_dma.o
#        F:\KisWire\sensors\TemperatureSensor\_Firmware\EWARM\MainController_DIY\Obj\stm32f1xx_hal_flash.o
#        F:\KisWire\sensors\TemperatureSensor\_Firmware\EWARM\MainController_DIY\Obj\stm32f1xx_hal_flash_ex.o
#        F:\KisWire\sensors\TemperatureSensor\_Firmware\EWARM\MainController_DIY\Obj\stm32f1xx_hal_gpio.o
#        F:\KisWire\sensors\TemperatureSensor\_Firmware\EWARM\MainController_DIY\Obj\stm32f1xx_hal_gpio_ex.o
#        F:\KisWire\sensors\TemperatureSensor\_Firmware\EWARM\MainController_DIY\Obj\stm32f1xx_hal_msp.o
#        F:\KisWire\sensors\TemperatureSensor\_Firmware\EWARM\MainController_DIY\Obj\stm32f1xx_hal_pwr.o
#        F:\KisWire\sensors\TemperatureSensor\_Firmware\EWARM\MainController_DIY\Obj\stm32f1xx_hal_rcc.o
#        F:\KisWire\sensors\TemperatureSensor\_Firmware\EWARM\MainController_DIY\Obj\stm32f1xx_hal_rcc_ex.o
#        F:\KisWire\sensors\TemperatureSensor\_Firmware\EWARM\MainController_DIY\Obj\stm32f1xx_hal_tim.o
#        F:\KisWire\sensors\TemperatureSensor\_Firmware\EWARM\MainController_DIY\Obj\stm32f1xx_hal_tim_ex.o
#        F:\KisWire\sensors\TemperatureSensor\_Firmware\EWARM\MainController_DIY\Obj\stm32f1xx_hal_uart.o
#        F:\KisWire\sensors\TemperatureSensor\_Firmware\EWARM\MainController_DIY\Obj\stm32f1xx_it.o
#        F:\KisWire\sensors\TemperatureSensor\_Firmware\EWARM\MainController_DIY\Obj\system_stm32f1xx.o
#        --redirect _Printf=_PrintfFull --redirect _Scanf=_ScanfFull -o
#        F:\KisWire\sensors\TemperatureSensor\_Firmware\EWARM\MainController_DIY\Exe\MainController_DIY.out
#        --map
#        F:\KisWire\sensors\TemperatureSensor\_Firmware\EWARM\MainController_DIY\List\MainController_DIY.map
#        --config
#        F:\KisWire\sensors\TemperatureSensor\_Firmware\EWARM/stm32f103xe_flash.icf
#        --semihosting --entry __iar_program_start --vfe --text_out locale)
#
###############################################################################

*******************************************************************************
*** RUNTIME MODEL ATTRIBUTES
***

CppFlavor       = *
__SystemLibrary = DLib
__dlib_version  = 6


*******************************************************************************
*** HEAP SELECTION
***

The basic heap was selected because some modules are built with
size limitations (and not runtime checking), and --advanced_heap
was not specified.


*******************************************************************************
*** PLACEMENT SUMMARY
***

"A0":  place at 0x08000000 { ro section .intvec };
"P1":  place in [from 0x08000000 to 0x0807ffff] { ro };
define block CSTACK with size = 1K, alignment = 8 { };
define block HEAP with size = 512, alignment = 8 { };
"P2":  place in [from 0x20000000 to 0x2000ffff] {
          rw, block CSTACK, block HEAP };
initialize by copy { rw };

  Section            Kind        Address    Size  Object
  -------            ----        -------    ----  ------
"A0":                                      0x130
  .intvec            ro code  0x08000000   0x130  startup_stm32f103xe.o [1]
                            - 0x08000130   0x130

"P1":                                     0x28b0
  .text              ro code  0x08000130   0x6ec  stm32f1xx_hal_rcc.o [1]
  .text              ro code  0x0800081c     0xc  stm32f1xx_hal.o [1]
  .text              ro code  0x08000828    0x28  stm32f1xx_hal.o [1]
  .text              ro code  0x08000850    0x86  ABImemcpy.o [4]
  .rodata            const    0x080008d6     0x2  stm32f1xx_hal_rcc.o [1]
  .text              ro code  0x080008d8   0x176  stm32f1xx_hal_cortex.o [1]
  .text              ro code  0x08000a50   0x690  stm32f1xx_hal_uart.o [1]
  .text              ro code  0x080010e0   0x2fc  stm32f1xx_hal_msp.o [1]
  .text              ro code  0x080013dc   0x584  stm32f1xx_hal_dma.o [1]
  .text              ro code  0x08001960     0x2  stm32f1xx_hal_uart.o [1]
  .text              ro code  0x08001962     0x2  stm32f1xx_hal_uart.o [1]
  .text              ro code  0x08001964    0xec  rs485.o [1]
  .text              ro code  0x08001a50   0x2b0  stm32f1xx_hal_gpio.o [1]
  .text              ro code  0x08001d00   0x41e  stm32f1xx_hal_tim.o [1]
  .text              ro code  0x0800211e     0x2  stm32f1xx_hal_tim.o [1]
  .text              ro code  0x08002120     0x2  stm32f1xx_hal_tim.o [1]
  .text              ro code  0x08002122     0x2  stm32f1xx_hal_tim.o [1]
  .text              ro code  0x08002124   0x28c  main.o [1]
  .text              ro code  0x080023b0     0x2  stm32f1xx_hal_tim_ex.o [1]
  .text              ro code  0x080023b2     0x2  stm32f1xx_hal_tim.o [1]
  .text              ro code  0x080023b4     0x2  stm32f1xx_hal_tim_ex.o [1]
  .text              ro code  0x080023b8    0x28  stm32f1xx_hal.o [1]
  .text              ro code  0x080023e0    0x5c  stm32f1xx_hal_tim_ex.o [1]
  .text              ro code  0x0800243c   0x124  stm32f1xx_hal_rcc_ex.o [1]
  .text              ro code  0x08002560   0x106  stm32f1xx_hal_adc.o [1]
  .text              ro code  0x08002666     0x2  stm32f1xx_hal_adc.o [1]
  .text              ro code  0x08002668     0x2  stm32f1xx_hal_adc_ex.o [1]
  .text              ro code  0x0800266a     0x2  stm32f1xx_hal_adc.o [1]
  .text              ro code  0x0800266c    0xa8  stm32f1xx_it.o [1]
  .text              ro code  0x08002714    0x10  stm32f1xx_hal.o [1]
  .text              ro code  0x08002724    0x68  system_stm32f1xx.o [1]
  .text              ro code  0x0800278c    0x40  zero_init3.o [4]
  .rodata            const    0x080027cc    0x3c  main.o [1]
  .text              ro code  0x08002808    0x2c  copy_init3.o [4]
  .text              ro code  0x08002834    0x28  data_init.o [4]
  .iar.init_table    const    0x0800285c    0x24  - Linker created -
  .text              ro code  0x08002880    0x1e  cmain.o [4]
  .text              ro code  0x0800289e     0x4  low_level_init.o [3]
  .text              ro code  0x080028a2     0x4  exit.o [3]
  .text              ro code  0x080028a8     0xa  cexit.o [4]
  .text              ro code  0x080028b4    0x14  exit.o [5]
  .rodata            const    0x080028c8    0x10  stm32f1xx_hal_rcc.o [1]
  .rodata            const    0x080028d8    0x10  system_stm32f1xx.o [1]
  .text              ro code  0x080028e8    0x10  startup_stm32f103xe.o [1]
  .text              ro code  0x080028f8     0xc  cstartup_M.o [4]
  Initializer bytes  const    0x08002904     0xc  <for P2-1>
  .rodata            const    0x08002910     0x8  system_stm32f1xx.o [1]
  .text              ro code  0x08002918     0x4  startup_stm32f103xe.o [1]
  .text              ro code  0x0800291c     0x4  startup_stm32f103xe.o [1]
  .text              ro code  0x08002920     0x4  startup_stm32f103xe.o [1]
  .text              ro code  0x08002924     0x4  startup_stm32f103xe.o [1]
  .text              ro code  0x08002928     0x4  startup_stm32f103xe.o [1]
  .text              ro code  0x0800292c     0x4  startup_stm32f103xe.o [1]
  .text              ro code  0x08002930     0x4  startup_stm32f103xe.o [1]
  .text              ro code  0x08002934     0x4  startup_stm32f103xe.o [1]
  .text              ro code  0x08002938     0x4  startup_stm32f103xe.o [1]
  .text              ro code  0x0800293c     0x4  startup_stm32f103xe.o [1]
  .text              ro code  0x08002940     0x4  startup_stm32f103xe.o [1]
  .text              ro code  0x08002944     0x4  startup_stm32f103xe.o [1]
  .text              ro code  0x08002948     0x4  startup_stm32f103xe.o [1]
  .text              ro code  0x0800294c     0x4  startup_stm32f103xe.o [1]
  .text              ro code  0x08002950     0x4  startup_stm32f103xe.o [1]
  .text              ro code  0x08002954     0x4  startup_stm32f103xe.o [1]
  .text              ro code  0x08002958     0x4  startup_stm32f103xe.o [1]
  .text              ro code  0x0800295c     0x4  startup_stm32f103xe.o [1]
  .text              ro code  0x08002960     0x4  startup_stm32f103xe.o [1]
  .text              ro code  0x08002964     0x4  startup_stm32f103xe.o [1]
  .text              ro code  0x08002968     0x4  startup_stm32f103xe.o [1]
  .text              ro code  0x0800296c     0x4  startup_stm32f103xe.o [1]
  .text              ro code  0x08002970     0x4  startup_stm32f103xe.o [1]
  .text              ro code  0x08002974     0x4  startup_stm32f103xe.o [1]
  .text              ro code  0x08002978     0x4  startup_stm32f103xe.o [1]
  .text              ro code  0x0800297c     0x4  startup_stm32f103xe.o [1]
  .text              ro code  0x08002980     0x4  startup_stm32f103xe.o [1]
  .text              ro code  0x08002984     0x4  startup_stm32f103xe.o [1]
  .text              ro code  0x08002988     0x4  startup_stm32f103xe.o [1]
  .text              ro code  0x0800298c     0x4  startup_stm32f103xe.o [1]
  .text              ro code  0x08002990     0x4  startup_stm32f103xe.o [1]
  .text              ro code  0x08002994     0x4  startup_stm32f103xe.o [1]
  .text              ro code  0x08002998     0x4  startup_stm32f103xe.o [1]
  .text              ro code  0x0800299c     0x4  startup_stm32f103xe.o [1]
  .text              ro code  0x080029a0     0x4  startup_stm32f103xe.o [1]
  .text              ro code  0x080029a4     0x4  startup_stm32f103xe.o [1]
  .text              ro code  0x080029a8     0x4  startup_stm32f103xe.o [1]
  .text              ro code  0x080029ac     0x4  startup_stm32f103xe.o [1]
  .text              ro code  0x080029b0     0x4  startup_stm32f103xe.o [1]
  .text              ro code  0x080029b4     0x4  startup_stm32f103xe.o [1]
  .text              ro code  0x080029b8     0x4  startup_stm32f103xe.o [1]
  .text              ro code  0x080029bc     0x4  startup_stm32f103xe.o [1]
  .text              ro code  0x080029c0     0x4  startup_stm32f103xe.o [1]
  .text              ro code  0x080029c4     0x4  startup_stm32f103xe.o [1]
  .text              ro code  0x080029c8     0x4  startup_stm32f103xe.o [1]
  .text              ro code  0x080029cc     0x4  startup_stm32f103xe.o [1]
  .text              ro code  0x080029d0     0x4  startup_stm32f103xe.o [1]
  .text              ro code  0x080029d4     0x4  startup_stm32f103xe.o [1]
  .text              ro code  0x080029d8     0x4  startup_stm32f103xe.o [1]
  .text              ro code  0x080029dc     0x4  startup_stm32f103xe.o [1]
  .rodata            const    0x080029e0     0x0  zero_init3.o [4]
  .rodata            const    0x080029e0     0x0  copy_init3.o [4]
                            - 0x080029e0  0x28b0

"P2", part 1 of 3:                           0xc
  P2-1                        0x20000000     0xc  <Init block>
    .data            inited   0x20000000     0x4  main.o [1]
    .data            inited   0x20000004     0x4  main.o [1]
    .data            inited   0x20000008     0x4  system_stm32f1xx.o [1]
                            - 0x2000000c     0xc

"P2", part 2 of 3:                         0xab0
  .bss               zero     0x2000000c   0x81c  rs485.o [1]
  .bss               zero     0x20000828    0x44  main.o [1]
  .bss               zero     0x2000086c    0x40  main.o [1]
  .bss               zero     0x200008ac    0x40  main.o [1]
  .bss               zero     0x200008ec    0x40  main.o [1]
  .bss               zero     0x2000092c    0x40  main.o [1]
  .bss               zero     0x2000096c    0x40  main.o [1]
  .bss               zero     0x200009ac    0x40  main.o [1]
  .bss               zero     0x200009ec    0x40  main.o [1]
  .bss               zero     0x20000a2c    0x40  main.o [1]
  .bss               zero     0x20000a6c    0x30  main.o [1]
  .bss               zero     0x20000a9c    0x10  rs485.o [1]
  .bss               zero     0x20000aac     0x4  main.o [1]
  .bss               zero     0x20000ab0     0x4  main.o [1]
  .bss               zero     0x20000ab4     0x4  main.o [1]
  .bss               zero     0x20000ab8     0x4  stm32f1xx_hal.o [1]
                            - 0x20000abc   0xab0

"P2", part 3 of 3:                         0x400
  CSTACK                      0x20000ac0   0x400  <Block>
    CSTACK           uninit   0x20000ac0   0x400  <Block tail>
                            - 0x20000ec0   0x400


*******************************************************************************
*** INIT TABLE
***

          Address     Size
          -------     ----
Zero (__iar_zero_init3)
    1 destination range, total size 0xab0:
          0x2000000c  0xab0

Copy (__iar_copy_init3)
    1 source range, total size 0xc:
          0x08002904    0xc
    1 destination range, total size 0xc:
          0x20000000    0xc



*******************************************************************************
*** MODULE SUMMARY
***

    Module                  ro code  ro data  rw data
    ------                  -------  -------  -------
F:\KisWire\sensors\TemperatureSensor\_Firmware\EWARM\MainController_DIY\Obj: [1]
    main.o                      652       68      648
    rs485.o                     236             2 092
    startup_stm32f103xe.o       520
    stm32f1xx_hal.o             108                 4
    stm32f1xx_hal_adc.o         266
    stm32f1xx_hal_adc_ex.o        2
    stm32f1xx_hal_cortex.o      374
    stm32f1xx_hal_dma.o       1 412
    stm32f1xx_hal_gpio.o        688
    stm32f1xx_hal_msp.o         764
    stm32f1xx_hal_rcc.o       1 772       18
    stm32f1xx_hal_rcc_ex.o      292
    stm32f1xx_hal_tim.o       1 062
    stm32f1xx_hal_tim_ex.o       96
    stm32f1xx_hal_uart.o      1 684
    stm32f1xx_it.o              168
    system_stm32f1xx.o          104       28        4
    -------------------------------------------------
    Total:                   10 200      114    2 748

command line: [2]
    -------------------------------------------------
    Total:

dl7M_tlf.a: [3]
    exit.o                        4
    low_level_init.o              4
    -------------------------------------------------
    Total:                        8

rt7M_tl.a: [4]
    ABImemcpy.o                 134
    cexit.o                      10
    cmain.o                      30
    copy_init3.o                 44
    cstartup_M.o                 12
    data_init.o                  40
    zero_init3.o                 64
    -------------------------------------------------
    Total:                      334

shb_l.a: [5]
    exit.o                       20
    -------------------------------------------------
    Total:                       20

    Gaps                          8
    Linker created                        36    1 024
-----------------------------------------------------
    Grand Total:             10 570      150    3 772


*******************************************************************************
*** ENTRY LIST
***

Entry                      Address   Size  Type      Object
-----                      -------   ----  ----      ------
.iar.init_table$$Base   0x0800285c          --   Gb  - Linker created -
.iar.init_table$$Limit  0x08002880          --   Gb  - Linker created -
?main                   0x08002881         Code  Gb  cmain.o [4]
ADC1_2_IRQHandler       0x08002693    0xa  Code  Gb  stm32f1xx_it.o [1]
AHBPrescTable           0x080028d8   0x10  Data  Gb  system_stm32f1xx.o [1]
APBPrescTable           0x08002910    0x8  Data  Gb  system_stm32f1xx.o [1]
BusFault_Handler        0x08002673    0x2  Code  Gb  stm32f1xx_it.o [1]
CSTACK$$Base            0x20000ac0          --   Gb  - Linker created -
CSTACK$$Limit           0x20000ec0          --   Gb  - Linker created -
DMA1_Channel1_IRQHandler
                        0x08002689    0xa  Code  Gb  stm32f1xx_it.o [1]
DebugMon_Handler        0x08002679    0x2  Code  Gb  stm32f1xx_it.o [1]
HAL_ADCEx_InjectedConvCpltCallback
                        0x08002669    0x2  Code  Wk  stm32f1xx_hal_adc_ex.o [1]
HAL_ADC_IRQHandler      0x08002561  0x106  Code  Gb  stm32f1xx_hal_adc.o [1]
HAL_DMA_Abort_IT        0x080013dd  0x1be  Code  Gb  stm32f1xx_hal_dma.o [1]
HAL_DMA_IRQHandler      0x080015d1  0x358  Code  Gb  stm32f1xx_hal_dma.o [1]
HAL_GPIO_Init           0x08001a51  0x24c  Code  Gb  stm32f1xx_hal_gpio.o [1]
HAL_GPIO_WritePin       0x08001c9d   0x1a  Code  Gb  stm32f1xx_hal_gpio.o [1]
HAL_GetTick             0x0800081d    0xc  Code  Wk  stm32f1xx_hal.o [1]
HAL_IncTick             0x08002715   0x10  Code  Wk  stm32f1xx_hal.o [1]
HAL_Init                0x080023b9   0x22  Code  Gb  stm32f1xx_hal.o [1]
HAL_InitTick            0x08000829   0x28  Code  Wk  stm32f1xx_hal.o [1]
HAL_MspInit             0x080010e1   0x98  Code  Gb  stm32f1xx_hal_msp.o [1]
HAL_NVIC_EnableIRQ      0x080009e9    0xe  Code  Gb  stm32f1xx_hal_cortex.o [1]
HAL_NVIC_SetPriority    0x080009bf   0x2a  Code  Gb  stm32f1xx_hal_cortex.o [1]
HAL_NVIC_SetPriorityGrouping
                        0x080009b3    0xc  Code  Gb  stm32f1xx_hal_cortex.o [1]
HAL_RCCEx_PeriphCLKConfig
                        0x0800243d  0x10e  Code  Gb  stm32f1xx_hal_rcc_ex.o [1]
HAL_RCC_ClockConfig     0x08000587  0x188  Code  Gb  stm32f1xx_hal_rcc.o [1]
HAL_RCC_GetHCLKFreq     0x0800077f    0x6  Code  Gb  stm32f1xx_hal_rcc.o [1]
HAL_RCC_GetPCLK1Freq    0x08000785   0x16  Code  Gb  stm32f1xx_hal_rcc.o [1]
HAL_RCC_GetPCLK2Freq    0x0800079b   0x16  Code  Gb  stm32f1xx_hal_rcc.o [1]
HAL_RCC_GetSysClockFreq
                        0x0800070f   0x70  Code  Gb  stm32f1xx_hal_rcc.o [1]
HAL_RCC_OscConfig       0x08000131  0x456  Code  Gb  stm32f1xx_hal_rcc.o [1]
HAL_SYSTICK_CLKSourceConfig
                        0x08000a03   0x20  Code  Gb  stm32f1xx_hal_cortex.o [1]
HAL_SYSTICK_Config      0x080009f7    0xc  Code  Gb  stm32f1xx_hal_cortex.o [1]
HAL_SYSTICK_IRQHandler  0x08000a45    0x8  Code  Gb  stm32f1xx_hal_cortex.o [1]
HAL_TIMEx_BreakCallback
                        0x080023b1    0x2  Code  Wk  stm32f1xx_hal_tim_ex.o [1]
HAL_TIMEx_CommutationCallback
                        0x080023b5    0x2  Code  Wk  stm32f1xx_hal_tim_ex.o [1]
HAL_TIMEx_MasterConfigSynchronization
                        0x080023e1   0x5a  Code  Gb  stm32f1xx_hal_tim_ex.o [1]
HAL_TIM_Base_Init       0x08001d01   0x38  Code  Gb  stm32f1xx_hal_tim.o [1]
HAL_TIM_Base_MspInit    0x08001179  0x172  Code  Gb  stm32f1xx_hal_msp.o [1]
HAL_TIM_Base_Start_IT   0x08001d39   0x1e  Code  Gb  stm32f1xx_hal_tim.o [1]
HAL_TIM_ConfigClockSource
                        0x08001ecd  0x11c  Code  Gb  stm32f1xx_hal_tim.o [1]
HAL_TIM_IRQHandler      0x08001d57  0x176  Code  Gb  stm32f1xx_hal_tim.o [1]
HAL_TIM_PeriodElapsedCallback
                        0x080021cb   0x12  Code  Gb  main.o [1]
HAL_UART_IRQHandler     0x08000c19  0x14a  Code  Gb  stm32f1xx_hal_uart.o [1]
HAL_UART_Init           0x08000a51   0x76  Code  Gb  stm32f1xx_hal_uart.o [1]
HAL_UART_MspInit        0x080012eb   0xc0  Code  Gb  stm32f1xx_hal_msp.o [1]
HAL_UART_Receive_IT     0x08000ba7   0x72  Code  Gb  stm32f1xx_hal_uart.o [1]
HAL_UART_RxCpltCallback
                        0x08001987   0x48  Code  Gb  rs485.o [1]
HAL_UART_Transmit       0x08000ac7   0xe0  Code  Gb  stm32f1xx_hal_uart.o [1]
HardFault_Handler       0x0800266f    0x2  Code  Gb  stm32f1xx_it.o [1]
MX_GPIO_Init            0x08002347   0x42  Code  Lc  main.o [1]
MX_TIM2_Init            0x080021dd   0x78  Code  Lc  main.o [1]
MX_USART1_UART_Init     0x080022fd   0x4a  Code  Lc  main.o [1]
MemManage_Handler       0x08002671    0x2  Code  Gb  stm32f1xx_it.o [1]
NMI_Handler             0x0800266d    0x2  Code  Gb  stm32f1xx_it.o [1]
NVIC_EnableIRQ          0x080008ff   0x16  Code  Lc  stm32f1xx_hal_cortex.o [1]
NVIC_EncodePriority     0x08000941   0x42  Code  Lc  stm32f1xx_hal_cortex.o [1]
NVIC_GetPriorityGrouping
                        0x080008f5    0xa  Code  Lc  stm32f1xx_hal_cortex.o [1]
NVIC_SetPriority        0x08000915   0x2c  Code  Lc  stm32f1xx_hal_cortex.o [1]
NVIC_SetPriorityGrouping
                        0x080008d9   0x1c  Code  Lc  stm32f1xx_hal_cortex.o [1]
PendSV_Handler          0x0800267b    0x2  Code  Gb  stm32f1xx_it.o [1]
RCC_Delay               0x080007b1   0x26  Code  Lc  stm32f1xx_hal_rcc.o [1]
Region$$Table$$Base     0x0800285c          --   Gb  - Linker created -
Region$$Table$$Limit    0x08002880          --   Gb  - Linker created -
RequestData             0x080019cf    0xe  Code  Gb  rs485.o [1]
SVC_Handler             0x08002677    0x2  Code  Gb  stm32f1xx_it.o [1]
SendValue               0x080019dd   0x5c  Code  Gb  rs485.o [1]
SysTick_Config          0x08000983   0x30  Code  Lc  stm32f1xx_hal_cortex.o [1]
SysTick_Handler         0x0800267d    0xc  Code  Gb  stm32f1xx_it.o [1]
SystemClock_Config      0x08002255   0xa8  Code  Gb  main.o [1]
SystemCoreClock         0x20000008    0x4  Data  Gb  system_stm32f1xx.o [1]
SystemInit              0x08002725   0x4e  Code  Gb  system_stm32f1xx.o [1]
TIM2_IRQHandler         0x0800269d    0xa  Code  Gb  stm32f1xx_it.o [1]
TIM3_IRQHandler         0x080026a7    0xa  Code  Gb  stm32f1xx_it.o [1]
TIM5_IRQHandler         0x080026cf    0xa  Code  Gb  stm32f1xx_it.o [1]
TIM6_IRQHandler         0x080026d9    0xa  Code  Gb  stm32f1xx_it.o [1]
TIM7_IRQHandler         0x080026e3    0xa  Code  Gb  stm32f1xx_it.o [1]
TIM8_UP_IRQHandler      0x080026c5    0xa  Code  Gb  stm32f1xx_it.o [1]
TIM_Base_SetConfig      0x08001fe9   0x9a  Code  Gb  stm32f1xx_hal_tim.o [1]
TIM_ETR_SetConfig       0x08002105   0x1a  Code  Lc  stm32f1xx_hal_tim.o [1]
TIM_ITRx_SetConfig      0x080020eb   0x1a  Code  Lc  stm32f1xx_hal_tim.o [1]
TIM_TI1_ConfigInputStage
                        0x08002099   0x28  Code  Lc  stm32f1xx_hal_tim.o [1]
TIM_TI2_ConfigInputStage
                        0x080020c1   0x2a  Code  Lc  stm32f1xx_hal_tim.o [1]
UART_DMAAbortOnError    0x08000df5   0x16  Code  Lc  stm32f1xx_hal_uart.o [1]
UART_EndRxTransfer      0x08000dd1   0x20  Code  Lc  stm32f1xx_hal_uart.o [1]
UART_EndTransmit_IT     0x08000e7b   0x20  Code  Lc  stm32f1xx_hal_uart.o [1]
UART_Receive_IT         0x08000e9b   0xae  Code  Lc  stm32f1xx_hal_uart.o [1]
UART_SetConfig          0x08000f49  0x190  Code  Lc  stm32f1xx_hal_uart.o [1]
UART_Transmit_IT        0x08000e0d   0x6e  Code  Lc  stm32f1xx_hal_uart.o [1]
UART_WaitOnFlagUntilTimeout
                        0x08000d63   0x6e  Code  Lc  stm32f1xx_hal_uart.o [1]
USART1_IRQHandler       0x080026b1    0xa  Code  Gb  stm32f1xx_it.o [1]
USART2_IRQHandler       0x080026bb    0xa  Code  Gb  stm32f1xx_it.o [1]
UsageFault_Handler      0x08002675    0x2  Code  Gb  stm32f1xx_it.o [1]
_Error_Handler          0x080021c9    0x2  Code  Gb  main.o [1]
__aeabi_memcpy4         0x08000851         Code  Gb  ABImemcpy.o [4]
__aeabi_memcpy8         0x08000851         Code  Gb  ABImemcpy.o [4]
__cmain                 0x08002881         Code  Gb  cmain.o [4]
__exit                  0x080028b5   0x14  Code  Gb  exit.o [5]
__iar_copy_init3        0x08002809   0x2c  Code  Gb  copy_init3.o [4]
__iar_data_init3        0x08002835   0x28  Code  Gb  data_init.o [4]
__iar_program_start     0x080028f9         Code  Gb  cstartup_M.o [4]
__iar_systems$$module {Abs}
                        0x00000001         Data  Gb  command line/config [2]
__iar_zero_init3        0x0800278d   0x40  Code  Gb  zero_init3.o [4]
__low_level_init        0x0800289f    0x4  Code  Gb  low_level_init.o [3]
__vector_table          0x08000000         Data  Gb  startup_stm32f103xe.o [1]
_call_main              0x0800288d         Code  Gb  cmain.o [4]
_exit                   0x080028a9         Code  Gb  cexit.o [4]
_main                   0x0800289b         Code  Gb  cmain.o [4]
count                   0x20000000    0x4  Data  Gb  main.o [1]
countX                  0x20000004    0x4  Data  Gb  main.o [1]
data                    0x2000000c  0x81c  Data  Gb  rs485.o [1]
exit                    0x080028a3    0x4  Code  Gb  exit.o [3]
hadc1                   0x20000a6c   0x30  Data  Gb  main.o [1]
hdma_adc1               0x20000828   0x44  Data  Gb  main.o [1]
htim2                   0x2000086c   0x40  Data  Gb  main.o [1]
htim3                   0x200008ac   0x40  Data  Gb  main.o [1]
htim5                   0x200008ec   0x40  Data  Gb  main.o [1]
htim6                   0x2000092c   0x40  Data  Gb  main.o [1]
htim7                   0x2000096c   0x40  Data  Gb  main.o [1]
htim8                   0x200009ac   0x40  Data  Gb  main.o [1]
huart1                  0x200009ec   0x40  Data  Gb  main.o [1]
huart2                  0x20000a2c   0x40  Data  Gb  main.o [1]
main                    0x08002125   0xa4  Code  Gb  main.o [1]
rs485_Init              0x08001965   0x22  Code  Gb  rs485.o [1]
sendEvent               0x20000aac    0x4  Data  Gb  main.o [1]
serialData              0x20000ab4    0x4  Data  Gb  main.o [1]
test                    0x20000ab0    0x4  Data  Gb  main.o [1]
ucpRx1Buffer            0x20000a9c   0x10  Data  Gb  rs485.o [1]
uwTick                  0x20000ab8    0x4  Data  Gb  stm32f1xx_hal.o [1]


[1] = F:\KisWire\sensors\TemperatureSensor\_Firmware\EWARM\MainController_DIY\Obj
[2] = command line
[3] = dl7M_tlf.a
[4] = rt7M_tl.a
[5] = shb_l.a

  10 570 bytes of readonly  code memory
     150 bytes of readonly  data memory
   3 772 bytes of readwrite data memory

Errors: none
Warnings: none
