###############################################################################
#
# IAR ELF Linker V8.22.1.15669/W32 for ARM                16/Apr/2018  15:21:53
# Copyright 2007-2018 IAR Systems AB.
#
#    Output file  =  
#        F:\KisWire\sensors\TemperatureSensor\_Firmware\EWARM\MainController_DIY\Exe\MainController_DIY.out
#    Map file     =  
#        F:\KisWire\sensors\TemperatureSensor\_Firmware\EWARM\MainController_DIY\List\MainController_DIY.map
#    Command line =  
#        -f C:\Users\MKHASA~1\AppData\Local\Temp\EWD17C.tmp
#        (F:\KisWire\sensors\TemperatureSensor\_Firmware\EWARM\MainController_DIY\Obj\dwt_stm32_delay.o
#        F:\KisWire\sensors\TemperatureSensor\_Firmware\EWARM\MainController_DIY\Obj\main.o
#        F:\KisWire\sensors\TemperatureSensor\_Firmware\EWARM\MainController_DIY\Obj\rs485.o
#        F:\KisWire\sensors\TemperatureSensor\_Firmware\EWARM\MainController_DIY\Obj\startup_stm32f103xe.o
#        F:\KisWire\sensors\TemperatureSensor\_Firmware\EWARM\MainController_DIY\Obj\stm32f1xx_hal.o
#        F:\KisWire\sensors\TemperatureSensor\_Firmware\EWARM\MainController_DIY\Obj\stm32f1xx_hal_adc.o
#        F:\KisWire\sensors\TemperatureSensor\_Firmware\EWARM\MainController_DIY\Obj\stm32f1xx_hal_adc_ex.o
#        F:\KisWire\sensors\TemperatureSensor\_Firmware\EWARM\MainController_DIY\Obj\stm32f1xx_hal_cortex.o
#        F:\KisWire\sensors\TemperatureSensor\_Firmware\EWARM\MainController_DIY\Obj\stm32f1xx_hal_dma.o
#        F:\KisWire\sensors\TemperatureSensor\_Firmware\EWARM\MainController_DIY\Obj\stm32f1xx_hal_flash.o
#        F:\KisWire\sensors\TemperatureSensor\_Firmware\EWARM\MainController_DIY\Obj\stm32f1xx_hal_flash_ex.o
#        F:\KisWire\sensors\TemperatureSensor\_Firmware\EWARM\MainController_DIY\Obj\stm32f1xx_hal_gpio.o
#        F:\KisWire\sensors\TemperatureSensor\_Firmware\EWARM\MainController_DIY\Obj\stm32f1xx_hal_gpio_ex.o
#        F:\KisWire\sensors\TemperatureSensor\_Firmware\EWARM\MainController_DIY\Obj\stm32f1xx_hal_msp.o
#        F:\KisWire\sensors\TemperatureSensor\_Firmware\EWARM\MainController_DIY\Obj\stm32f1xx_hal_pwr.o
#        F:\KisWire\sensors\TemperatureSensor\_Firmware\EWARM\MainController_DIY\Obj\stm32f1xx_hal_rcc.o
#        F:\KisWire\sensors\TemperatureSensor\_Firmware\EWARM\MainController_DIY\Obj\stm32f1xx_hal_rcc_ex.o
#        F:\KisWire\sensors\TemperatureSensor\_Firmware\EWARM\MainController_DIY\Obj\stm32f1xx_hal_tim.o
#        F:\KisWire\sensors\TemperatureSensor\_Firmware\EWARM\MainController_DIY\Obj\stm32f1xx_hal_tim_ex.o
#        F:\KisWire\sensors\TemperatureSensor\_Firmware\EWARM\MainController_DIY\Obj\stm32f1xx_hal_uart.o
#        F:\KisWire\sensors\TemperatureSensor\_Firmware\EWARM\MainController_DIY\Obj\stm32f1xx_it.o
#        F:\KisWire\sensors\TemperatureSensor\_Firmware\EWARM\MainController_DIY\Obj\system_stm32f1xx.o
#        --redirect _Printf=_PrintfFull --redirect _Scanf=_ScanfFull -o
#        F:\KisWire\sensors\TemperatureSensor\_Firmware\EWARM\MainController_DIY\Exe\MainController_DIY.out
#        --map
#        F:\KisWire\sensors\TemperatureSensor\_Firmware\EWARM\MainController_DIY\List\MainController_DIY.map
#        --config
#        F:\KisWire\sensors\TemperatureSensor\_Firmware\EWARM/stm32f103xe_flash.icf
#        --semihosting --entry __iar_program_start --vfe --text_out locale)
#
###############################################################################

*******************************************************************************
*** RUNTIME MODEL ATTRIBUTES
***

CppFlavor       = *
__SystemLibrary = DLib
__dlib_version  = 6


*******************************************************************************
*** HEAP SELECTION
***

The basic heap was selected because some modules are built with
size limitations (and not runtime checking), and --advanced_heap
was not specified.


*******************************************************************************
*** PLACEMENT SUMMARY
***

"A0":  place at 0x08000000 { ro section .intvec };
"P1":  place in [from 0x08000000 to 0x0807ffff] { ro };
define block CSTACK with size = 1K, alignment = 8 { };
define block HEAP with size = 512, alignment = 8 { };
"P2":  place in [from 0x20000000 to 0x2000ffff] {
          rw, block CSTACK, block HEAP };
initialize by copy { rw };

  Section            Kind        Address    Size  Object
  -------            ----        -------    ----  ------
"A0":                                      0x130
  .intvec            ro code  0x08000000   0x130  startup_stm32f103xe.o [1]
                            - 0x08000130   0x130

"P1":                                     0x2e14
  .text              ro code  0x08000130   0x744  stm32f1xx_hal_adc.o [1]
  .text              ro code  0x08000874   0x174  stm32f1xx_hal_msp.o [1]
  .text              ro code  0x080009e8     0xc  stm32f1xx_hal.o [1]
  .text              ro code  0x080009f4   0x260  stm32f1xx_hal_rcc_ex.o [1]
  .text              ro code  0x08000c54   0x2e0  main.o [1]
  .text              ro code  0x08000f34     0x2  stm32f1xx_hal_adc_ex.o [1]
  .text              ro code  0x08000f36     0x2  stm32f1xx_hal_adc.o [1]
  .text              ro code  0x08000f38   0x176  stm32f1xx_hal_cortex.o [1]
  .rodata            const    0x080010ae     0x2  stm32f1xx_hal_rcc.o [1]
  .text              ro code  0x080010b0   0x2b0  stm32f1xx_hal_gpio.o [1]
  .text              ro code  0x08001360    0x86  ABImemcpy.o [4]
  .rodata            const    0x080013e6     0x2  stm32f1xx_hal_rcc_ex.o [1]
  .text              ro code  0x080013e8   0x6ec  stm32f1xx_hal_rcc.o [1]
  .text              ro code  0x08001ad4    0x28  stm32f1xx_hal.o [1]
  .text              ro code  0x08001afc   0x2b8  rs485.o [1]
  .text              ro code  0x08001db4   0x690  stm32f1xx_hal_uart.o [1]
  .text              ro code  0x08002444    0x28  stm32f1xx_hal.o [1]
  .text              ro code  0x0800246c   0x584  stm32f1xx_hal_dma.o [1]
  .text              ro code  0x080029f0     0x2  stm32f1xx_hal_uart.o [1]
  .text              ro code  0x080029f2     0x2  stm32f1xx_hal_uart.o [1]
  .text              ro code  0x080029f4   0x176  stm32f1xx_hal_tim.o [1]
  .text              ro code  0x08002b6a     0x2  stm32f1xx_hal_tim.o [1]
  .text              ro code  0x08002b6c     0x2  stm32f1xx_hal_tim.o [1]
  .text              ro code  0x08002b6e     0x2  stm32f1xx_hal_tim.o [1]
  .text              ro code  0x08002b70     0x2  stm32f1xx_hal_tim_ex.o [1]
  .text              ro code  0x08002b72     0x2  stm32f1xx_hal_tim.o [1]
  .text              ro code  0x08002b74     0x2  stm32f1xx_hal_tim_ex.o [1]
  .text              ro code  0x08002b78    0xa8  stm32f1xx_it.o [1]
  .text              ro code  0x08002c20    0x10  stm32f1xx_hal.o [1]
  .text              ro code  0x08002c30    0x68  system_stm32f1xx.o [1]
  .text              ro code  0x08002c98    0x40  zero_init3.o [4]
  .rodata            const    0x08002cd8    0x3c  main.o [1]
  .rodata            const    0x08002d14    0x3c  rs485.o [1]
  .text              ro code  0x08002d50    0x2c  copy_init3.o [4]
  .text              ro code  0x08002d7c    0x28  data_init.o [4]
  .iar.init_table    const    0x08002da4    0x24  - Linker created -
  .text              ro code  0x08002dc8    0x1e  cmain.o [4]
  .text              ro code  0x08002de6     0x4  low_level_init.o [3]
  .text              ro code  0x08002dea     0x4  exit.o [3]
  .text              ro code  0x08002df0     0xa  cexit.o [4]
  .text              ro code  0x08002dfc    0x14  exit.o [5]
  .rodata            const    0x08002e10    0x10  stm32f1xx_hal_rcc.o [1]
  .rodata            const    0x08002e20    0x10  stm32f1xx_hal_rcc_ex.o [1]
  .rodata            const    0x08002e30    0x10  system_stm32f1xx.o [1]
  .text              ro code  0x08002e40    0x10  startup_stm32f103xe.o [1]
  .rodata            const    0x08002e50     0xc  rs485.o [1]
  .text              ro code  0x08002e5c     0xc  cstartup_M.o [4]
  Initializer bytes  const    0x08002e68     0xc  <for P2-1>
  .rodata            const    0x08002e74     0x8  system_stm32f1xx.o [1]
  .text              ro code  0x08002e7c     0x4  startup_stm32f103xe.o [1]
  .text              ro code  0x08002e80     0x4  startup_stm32f103xe.o [1]
  .text              ro code  0x08002e84     0x4  startup_stm32f103xe.o [1]
  .text              ro code  0x08002e88     0x4  startup_stm32f103xe.o [1]
  .text              ro code  0x08002e8c     0x4  startup_stm32f103xe.o [1]
  .text              ro code  0x08002e90     0x4  startup_stm32f103xe.o [1]
  .text              ro code  0x08002e94     0x4  startup_stm32f103xe.o [1]
  .text              ro code  0x08002e98     0x4  startup_stm32f103xe.o [1]
  .text              ro code  0x08002e9c     0x4  startup_stm32f103xe.o [1]
  .text              ro code  0x08002ea0     0x4  startup_stm32f103xe.o [1]
  .text              ro code  0x08002ea4     0x4  startup_stm32f103xe.o [1]
  .text              ro code  0x08002ea8     0x4  startup_stm32f103xe.o [1]
  .text              ro code  0x08002eac     0x4  startup_stm32f103xe.o [1]
  .text              ro code  0x08002eb0     0x4  startup_stm32f103xe.o [1]
  .text              ro code  0x08002eb4     0x4  startup_stm32f103xe.o [1]
  .text              ro code  0x08002eb8     0x4  startup_stm32f103xe.o [1]
  .text              ro code  0x08002ebc     0x4  startup_stm32f103xe.o [1]
  .text              ro code  0x08002ec0     0x4  startup_stm32f103xe.o [1]
  .text              ro code  0x08002ec4     0x4  startup_stm32f103xe.o [1]
  .text              ro code  0x08002ec8     0x4  startup_stm32f103xe.o [1]
  .text              ro code  0x08002ecc     0x4  startup_stm32f103xe.o [1]
  .text              ro code  0x08002ed0     0x4  startup_stm32f103xe.o [1]
  .text              ro code  0x08002ed4     0x4  startup_stm32f103xe.o [1]
  .text              ro code  0x08002ed8     0x4  startup_stm32f103xe.o [1]
  .text              ro code  0x08002edc     0x4  startup_stm32f103xe.o [1]
  .text              ro code  0x08002ee0     0x4  startup_stm32f103xe.o [1]
  .text              ro code  0x08002ee4     0x4  startup_stm32f103xe.o [1]
  .text              ro code  0x08002ee8     0x4  startup_stm32f103xe.o [1]
  .text              ro code  0x08002eec     0x4  startup_stm32f103xe.o [1]
  .text              ro code  0x08002ef0     0x4  startup_stm32f103xe.o [1]
  .text              ro code  0x08002ef4     0x4  startup_stm32f103xe.o [1]
  .text              ro code  0x08002ef8     0x4  startup_stm32f103xe.o [1]
  .text              ro code  0x08002efc     0x4  startup_stm32f103xe.o [1]
  .text              ro code  0x08002f00     0x4  startup_stm32f103xe.o [1]
  .text              ro code  0x08002f04     0x4  startup_stm32f103xe.o [1]
  .text              ro code  0x08002f08     0x4  startup_stm32f103xe.o [1]
  .text              ro code  0x08002f0c     0x4  startup_stm32f103xe.o [1]
  .text              ro code  0x08002f10     0x4  startup_stm32f103xe.o [1]
  .text              ro code  0x08002f14     0x4  startup_stm32f103xe.o [1]
  .text              ro code  0x08002f18     0x4  startup_stm32f103xe.o [1]
  .text              ro code  0x08002f1c     0x4  startup_stm32f103xe.o [1]
  .text              ro code  0x08002f20     0x4  startup_stm32f103xe.o [1]
  .text              ro code  0x08002f24     0x4  startup_stm32f103xe.o [1]
  .text              ro code  0x08002f28     0x4  startup_stm32f103xe.o [1]
  .text              ro code  0x08002f2c     0x4  startup_stm32f103xe.o [1]
  .text              ro code  0x08002f30     0x4  startup_stm32f103xe.o [1]
  .text              ro code  0x08002f34     0x4  startup_stm32f103xe.o [1]
  .text              ro code  0x08002f38     0x4  startup_stm32f103xe.o [1]
  .text              ro code  0x08002f3c     0x4  startup_stm32f103xe.o [1]
  .text              ro code  0x08002f40     0x4  startup_stm32f103xe.o [1]
  .rodata            const    0x08002f44     0x0  zero_init3.o [4]
  .rodata            const    0x08002f44     0x0  copy_init3.o [4]
                            - 0x08002f44  0x2e14

"P2", part 1 of 3:                           0xc
  P2-1                        0x20000000     0xc  <Init block>
    .data            inited   0x20000000     0x4  main.o [1]
    .data            inited   0x20000004     0x4  main.o [1]
    .data            inited   0x20000008     0x4  system_stm32f1xx.o [1]
                            - 0x2000000c     0xc

"P2", part 2 of 3:                         0xaf0
  .bss               zero     0x2000000c   0x81c  rs485.o [1]
  .bss               zero     0x20000828    0x44  main.o [1]
  .bss               zero     0x2000086c    0x40  main.o [1]
  .bss               zero     0x200008ac    0x40  main.o [1]
  .bss               zero     0x200008ec    0x40  main.o [1]
  .bss               zero     0x2000092c    0x40  main.o [1]
  .bss               zero     0x2000096c    0x40  main.o [1]
  .bss               zero     0x200009ac    0x40  main.o [1]
  .bss               zero     0x200009ec    0x40  main.o [1]
  .bss               zero     0x20000a2c    0x40  main.o [1]
  .bss               zero     0x20000a6c    0x30  main.o [1]
  .bss               zero     0x20000a9c    0x30  main.o [1]
  .bss               zero     0x20000acc    0x10  rs485.o [1]
  .bss               zero     0x20000adc     0x4  main.o [1]
  .bss               zero     0x20000ae0     0x4  main.o [1]
  .bss               zero     0x20000ae4     0x4  main.o [1]
  .bss               zero     0x20000ae8     0x4  main.o [1]
  .bss               zero     0x20000aec     0x4  rs485.o [1]
  .bss               zero     0x20000af0     0x4  rs485.o [1]
  .bss               zero     0x20000af4     0x4  stm32f1xx_hal.o [1]
  .bss               zero     0x20000af8     0x1  main.o [1]
  .bss               zero     0x20000af9     0x1  main.o [1]
  .bss               zero     0x20000afa     0x1  rs485.o [1]
                            - 0x20000afb   0xaef

"P2", part 3 of 3:                         0x400
  CSTACK                      0x20000b00   0x400  <Block>
    CSTACK           uninit   0x20000b00   0x400  <Block tail>
                            - 0x20000f00   0x400


*******************************************************************************
*** INIT TABLE
***

          Address     Size
          -------     ----
Zero (__iar_zero_init3)
    1 destination range, total size 0xaef:
          0x2000000c  0xaef

Copy (__iar_copy_init3)
    1 source range, total size 0xc:
          0x08002e68    0xc
    1 destination range, total size 0xc:
          0x20000000    0xc



*******************************************************************************
*** MODULE SUMMARY
***

    Module                  ro code  ro data  rw data
    ------                  -------  -------  -------
F:\KisWire\sensors\TemperatureSensor\_Firmware\EWARM\MainController_DIY\Obj: [1]
    main.o                      736       68      702
    rs485.o                     696       72    2 101
    startup_stm32f103xe.o       520
    stm32f1xx_hal.o             108                 4
    stm32f1xx_hal_adc.o       1 862
    stm32f1xx_hal_adc_ex.o        2
    stm32f1xx_hal_cortex.o      374
    stm32f1xx_hal_dma.o       1 412
    stm32f1xx_hal_gpio.o        688
    stm32f1xx_hal_msp.o         372
    stm32f1xx_hal_rcc.o       1 772       18
    stm32f1xx_hal_rcc_ex.o      608       18
    stm32f1xx_hal_tim.o         382
    stm32f1xx_hal_tim_ex.o        4
    stm32f1xx_hal_uart.o      1 684
    stm32f1xx_it.o              168
    system_stm32f1xx.o          104       28        4
    -------------------------------------------------
    Total:                   11 492      204    2 811

command line: [2]
    -------------------------------------------------
    Total:

dl7M_tlf.a: [3]
    exit.o                        4
    low_level_init.o              4
    -------------------------------------------------
    Total:                        8

rt7M_tl.a: [4]
    ABImemcpy.o                 134
    cexit.o                      10
    cmain.o                      30
    copy_init3.o                 44
    cstartup_M.o                 12
    data_init.o                  40
    zero_init3.o                 64
    -------------------------------------------------
    Total:                      334

shb_l.a: [5]
    exit.o                       20
    -------------------------------------------------
    Total:                       20

    Gaps                          6
    Linker created                        36    1 024
-----------------------------------------------------
    Grand Total:             11 860      240    3 835


*******************************************************************************
*** ENTRY LIST
***

Entry                      Address   Size  Type      Object
-----                      -------   ----  ----      ------
.iar.init_table$$Base   0x08002da4          --   Gb  - Linker created -
.iar.init_table$$Limit  0x08002dc8          --   Gb  - Linker created -
?main                   0x08002dc9         Code  Gb  cmain.o [4]
ADC1_2_IRQHandler       0x08002b9f    0xa  Code  Gb  stm32f1xx_it.o [1]
ADC_ConversionStop_Disable
                        0x08000829   0x4a  Code  Gb  stm32f1xx_hal_adc.o [1]
ADC_Enable              0x08000783   0x6e  Code  Gb  stm32f1xx_hal_adc.o [1]
AHBPrescTable           0x08002e30   0x10  Data  Gb  system_stm32f1xx.o [1]
APBPrescTable           0x08002e74    0x8  Data  Gb  system_stm32f1xx.o [1]
BusFault_Handler        0x08002b7f    0x2  Code  Gb  stm32f1xx_it.o [1]
CSTACK$$Base            0x20000b00          --   Gb  - Linker created -
CSTACK$$Limit           0x20000f00          --   Gb  - Linker created -
CheckCmd                0x08001cc9   0x3e  Code  Lc  rs485.o [1]
CheckID                 0x08001c91    0x6  Code  Lc  rs485.o [1]
ConfigureADC            0x08000e2f   0xc6  Code  Gb  main.o [1]
DMA1_Channel1_IRQHandler
                        0x08002b95    0xa  Code  Gb  stm32f1xx_it.o [1]
DebugMon_Handler        0x08002b85    0x2  Code  Gb  stm32f1xx_it.o [1]
HAL_ADCEx_InjectedConvCpltCallback
                        0x08000f35    0x2  Code  Wk  stm32f1xx_hal_adc_ex.o [1]
HAL_ADC_ConfigChannel   0x08000631  0x152  Code  Gb  stm32f1xx_hal_adc.o [1]
HAL_ADC_ConvCpltCallback
                        0x08000e27    0x8  Code  Gb  main.o [1]
HAL_ADC_GetValue        0x08000525    0x6  Code  Gb  stm32f1xx_hal_adc.o [1]
HAL_ADC_IRQHandler      0x0800052b  0x106  Code  Gb  stm32f1xx_hal_adc.o [1]
HAL_ADC_Init            0x08000131  0x164  Code  Gb  stm32f1xx_hal_adc.o [1]
HAL_ADC_MspInit         0x0800090d    0x2  Code  Gb  stm32f1xx_hal_msp.o [1]
HAL_ADC_PollForConversion
                        0x080003bf  0x166  Code  Gb  stm32f1xx_hal_adc.o [1]
HAL_ADC_Start           0x08000295  0x12a  Code  Gb  stm32f1xx_hal_adc.o [1]
HAL_DMA_Abort_IT        0x0800246d  0x1be  Code  Gb  stm32f1xx_hal_dma.o [1]
HAL_DMA_IRQHandler      0x08002661  0x358  Code  Gb  stm32f1xx_hal_dma.o [1]
HAL_GPIO_Init           0x080010b1  0x24c  Code  Gb  stm32f1xx_hal_gpio.o [1]
HAL_GPIO_WritePin       0x080012fd   0x1a  Code  Gb  stm32f1xx_hal_gpio.o [1]
HAL_GetTick             0x080009e9    0xc  Code  Wk  stm32f1xx_hal.o [1]
HAL_IncTick             0x08002c21   0x10  Code  Wk  stm32f1xx_hal.o [1]
HAL_Init                0x08001ad5   0x22  Code  Gb  stm32f1xx_hal.o [1]
HAL_InitTick            0x08002445   0x28  Code  Wk  stm32f1xx_hal.o [1]
HAL_MspInit             0x08000875   0x98  Code  Gb  stm32f1xx_hal_msp.o [1]
HAL_NVIC_EnableIRQ      0x08001049    0xe  Code  Gb  stm32f1xx_hal_cortex.o [1]
HAL_NVIC_SetPriority    0x0800101f   0x2a  Code  Gb  stm32f1xx_hal_cortex.o [1]
HAL_NVIC_SetPriorityGrouping
                        0x08001013    0xc  Code  Gb  stm32f1xx_hal_cortex.o [1]
HAL_RCCEx_GetPeriphCLKFreq
                        0x08000b03  0x122  Code  Gb  stm32f1xx_hal_rcc_ex.o [1]
HAL_RCCEx_PeriphCLKConfig
                        0x080009f5  0x10e  Code  Gb  stm32f1xx_hal_rcc_ex.o [1]
HAL_RCC_ClockConfig     0x0800183f  0x188  Code  Gb  stm32f1xx_hal_rcc.o [1]
HAL_RCC_GetHCLKFreq     0x08001a37    0x6  Code  Gb  stm32f1xx_hal_rcc.o [1]
HAL_RCC_GetPCLK1Freq    0x08001a3d   0x16  Code  Gb  stm32f1xx_hal_rcc.o [1]
HAL_RCC_GetPCLK2Freq    0x08001a53   0x16  Code  Gb  stm32f1xx_hal_rcc.o [1]
HAL_RCC_GetSysClockFreq
                        0x080019c7   0x70  Code  Gb  stm32f1xx_hal_rcc.o [1]
HAL_RCC_OscConfig       0x080013e9  0x456  Code  Gb  stm32f1xx_hal_rcc.o [1]
HAL_SYSTICK_CLKSourceConfig
                        0x08001063   0x20  Code  Gb  stm32f1xx_hal_cortex.o [1]
HAL_SYSTICK_Config      0x08001057    0xc  Code  Gb  stm32f1xx_hal_cortex.o [1]
HAL_SYSTICK_IRQHandler  0x080010a5    0x8  Code  Gb  stm32f1xx_hal_cortex.o [1]
HAL_TIMEx_BreakCallback
                        0x08002b71    0x2  Code  Wk  stm32f1xx_hal_tim_ex.o [1]
HAL_TIMEx_CommutationCallback
                        0x08002b75    0x2  Code  Wk  stm32f1xx_hal_tim_ex.o [1]
HAL_TIM_IRQHandler      0x080029f5  0x176  Code  Gb  stm32f1xx_hal_tim.o [1]
HAL_TIM_PeriodElapsedCallback
                        0x08000ccb   0x16  Code  Gb  main.o [1]
HAL_UART_IRQHandler     0x08001f7d  0x14a  Code  Gb  stm32f1xx_hal_uart.o [1]
HAL_UART_Init           0x08001db5   0x76  Code  Gb  stm32f1xx_hal_uart.o [1]
HAL_UART_MspInit        0x0800090f   0xc0  Code  Gb  stm32f1xx_hal_msp.o [1]
HAL_UART_Receive_IT     0x08001f0b   0x72  Code  Gb  stm32f1xx_hal_uart.o [1]
HAL_UART_RxCpltCallback
                        0x08001b1f   0x52  Code  Gb  rs485.o [1]
HAL_UART_Transmit       0x08001e2b   0xe0  Code  Gb  stm32f1xx_hal_uart.o [1]
HardFault_Handler       0x08002b7b    0x2  Code  Gb  stm32f1xx_it.o [1]
IsValid                 0x08001c97   0x32  Code  Lc  rs485.o [1]
MX_GPIO_Init            0x08000dd5   0x52  Code  Lc  main.o [1]
MX_USART1_UART_Init     0x08000d8b   0x4a  Code  Lc  main.o [1]
MemManage_Handler       0x08002b7d    0x2  Code  Gb  stm32f1xx_it.o [1]
NMI_Handler             0x08002b79    0x2  Code  Gb  stm32f1xx_it.o [1]
NVIC_EnableIRQ          0x08000f5f   0x16  Code  Lc  stm32f1xx_hal_cortex.o [1]
NVIC_EncodePriority     0x08000fa1   0x42  Code  Lc  stm32f1xx_hal_cortex.o [1]
NVIC_GetPriorityGrouping
                        0x08000f55    0xa  Code  Lc  stm32f1xx_hal_cortex.o [1]
NVIC_SetPriority        0x08000f75   0x2c  Code  Lc  stm32f1xx_hal_cortex.o [1]
NVIC_SetPriorityGrouping
                        0x08000f39   0x1c  Code  Lc  stm32f1xx_hal_cortex.o [1]
PendSV_Handler          0x08002b87    0x2  Code  Gb  stm32f1xx_it.o [1]
ProcessCmd              0x08001b9f   0xf2  Code  Gb  rs485.o [1]
RCC_Delay               0x08001a69   0x26  Code  Lc  stm32f1xx_hal_rcc.o [1]
Region$$Table$$Base     0x08002da4          --   Gb  - Linker created -
Region$$Table$$Limit    0x08002dc8          --   Gb  - Linker created -
RequestData             0x08001b71   0x2e  Code  Gb  rs485.o [1]
SVC_Handler             0x08002b83    0x2  Code  Gb  stm32f1xx_it.o [1]
SendValue               0x08001d07   0x76  Code  Gb  rs485.o [1]
SysTick_Config          0x08000fe3   0x30  Code  Lc  stm32f1xx_hal_cortex.o [1]
SysTick_Handler         0x08002b89    0xc  Code  Gb  stm32f1xx_it.o [1]
SystemClock_Config      0x08000ce1   0xaa  Code  Gb  main.o [1]
SystemCoreClock         0x20000008    0x4  Data  Gb  system_stm32f1xx.o [1]
SystemInit              0x08002c31   0x4e  Code  Gb  system_stm32f1xx.o [1]
TIM2_IRQHandler         0x08002ba9    0xa  Code  Gb  stm32f1xx_it.o [1]
TIM3_IRQHandler         0x08002bb3    0xa  Code  Gb  stm32f1xx_it.o [1]
TIM5_IRQHandler         0x08002bdb    0xa  Code  Gb  stm32f1xx_it.o [1]
TIM6_IRQHandler         0x08002be5    0xa  Code  Gb  stm32f1xx_it.o [1]
TIM7_IRQHandler         0x08002bef    0xa  Code  Gb  stm32f1xx_it.o [1]
TIM8_UP_IRQHandler      0x08002bd1    0xa  Code  Gb  stm32f1xx_it.o [1]
UART_DMAAbortOnError    0x08002159   0x16  Code  Lc  stm32f1xx_hal_uart.o [1]
UART_EndRxTransfer      0x08002135   0x20  Code  Lc  stm32f1xx_hal_uart.o [1]
UART_EndTransmit_IT     0x080021df   0x20  Code  Lc  stm32f1xx_hal_uart.o [1]
UART_Receive_IT         0x080021ff   0xae  Code  Lc  stm32f1xx_hal_uart.o [1]
UART_SetConfig          0x080022ad  0x190  Code  Lc  stm32f1xx_hal_uart.o [1]
UART_Transmit_IT        0x08002171   0x6e  Code  Lc  stm32f1xx_hal_uart.o [1]
UART_WaitOnFlagUntilTimeout
                        0x080020c7   0x6e  Code  Lc  stm32f1xx_hal_uart.o [1]
USART1_IRQHandler       0x08002bbd    0xa  Code  Gb  stm32f1xx_it.o [1]
USART2_IRQHandler       0x08002bc7    0xa  Code  Gb  stm32f1xx_it.o [1]
UsageFault_Handler      0x08002b81    0x2  Code  Gb  stm32f1xx_it.o [1]
_Error_Handler          0x08000cc9    0x2  Code  Gb  main.o [1]
__aeabi_memcpy4         0x08001361         Code  Gb  ABImemcpy.o [4]
__aeabi_memcpy8         0x08001361         Code  Gb  ABImemcpy.o [4]
__cmain                 0x08002dc9         Code  Gb  cmain.o [4]
__exit                  0x08002dfd   0x14  Code  Gb  exit.o [5]
__iar_copy_init3        0x08002d51   0x2c  Code  Gb  copy_init3.o [4]
__iar_data_init3        0x08002d7d   0x28  Code  Gb  data_init.o [4]
__iar_program_start     0x08002e5d         Code  Gb  cstartup_M.o [4]
__iar_systems$$module {Abs}
                        0x00000001         Data  Gb  command line/config [2]
__iar_zero_init3        0x08002c99   0x40  Code  Gb  zero_init3.o [4]
__low_level_init        0x08002de7    0x4  Code  Gb  low_level_init.o [3]
__vector_table          0x08000000         Data  Gb  startup_stm32f103xe.o [1]
_call_main              0x08002dd5         Code  Gb  cmain.o [4]
_exit                   0x08002df1         Code  Gb  cexit.o [4]
_main                   0x08002de3         Code  Gb  cmain.o [4]
count                   0x20000000    0x4  Data  Gb  main.o [1]
countX                  0x20000004    0x4  Data  Gb  main.o [1]
data                    0x2000000c  0x81c  Data  Gb  rs485.o [1]
data_element            0x20000afa    0x1  Data  Lc  rs485.o [1]
exit                    0x08002deb    0x4  Code  Gb  exit.o [3]
g_ADCValue              0x20000ae0    0x4  Data  Gb  main.o [1]
g_AdcHandle             0x20000a9c   0x30  Data  Gb  main.o [1]
g_MeasurementNumber     0x20000ae4    0x4  Data  Gb  main.o [1]
hadc1                   0x20000a6c   0x30  Data  Gb  main.o [1]
hdma_adc1               0x20000828   0x44  Data  Gb  main.o [1]
htim2                   0x2000086c   0x40  Data  Gb  main.o [1]
htim3                   0x200008ac   0x40  Data  Gb  main.o [1]
htim5                   0x200008ec   0x40  Data  Gb  main.o [1]
htim6                   0x2000092c   0x40  Data  Gb  main.o [1]
htim7                   0x2000096c   0x40  Data  Gb  main.o [1]
htim8                   0x200009ac   0x40  Data  Gb  main.o [1]
huart1                  0x200009ec   0x40  Data  Gb  main.o [1]
huart2                  0x20000a2c   0x40  Data  Gb  main.o [1]
main                    0x08000c55   0x74  Code  Gb  main.o [1]
nTIM5_ADC               0x20000af8    0x1  Data  Gb  main.o [1]
requestOkay             0x20000af0    0x4  Data  Gb  rs485.o [1]
ret                     0x20000aec    0x4  Data  Gb  rs485.o [1]
rs485_Init              0x08001afd   0x22  Code  Gb  rs485.o [1]
serialData              0x20000adc    0x4  Data  Gb  main.o [1]
ucADC_Event             0x20000af9    0x1  Data  Gb  main.o [1]
ucReceive_Event         0x20000ae8    0x4  Data  Gb  main.o [1]
ucpRx1Buffer            0x20000acc   0x10  Data  Gb  rs485.o [1]
uwTick                  0x20000af4    0x4  Data  Gb  stm32f1xx_hal.o [1]


[1] = F:\KisWire\sensors\TemperatureSensor\_Firmware\EWARM\MainController_DIY\Obj
[2] = command line
[3] = dl7M_tlf.a
[4] = rt7M_tl.a
[5] = shb_l.a

  11 860 bytes of readonly  code memory
     240 bytes of readonly  data memory
   3 835 bytes of readwrite data memory

Errors: none
Warnings: none
