###############################################################################
#
# IAR ELF Linker V8.22.1.15669/W32 for ARM                13/Apr/2018  13:18:00
# Copyright 2007-2018 IAR Systems AB.
#
#    Output file  =  
#        F:\KisWire\sensors\TemperatureSensor\_Firmware\EWARM\MainController_DIY\Exe\MainController_DIY.out
#    Map file     =  
#        F:\KisWire\sensors\TemperatureSensor\_Firmware\EWARM\MainController_DIY\List\MainController_DIY.map
#    Command line =  
#        -f C:\Users\MKHASA~1\AppData\Local\Temp\EW319A.tmp
#        (F:\KisWire\sensors\TemperatureSensor\_Firmware\EWARM\MainController_DIY\Obj\dwt_stm32_delay.o
#        F:\KisWire\sensors\TemperatureSensor\_Firmware\EWARM\MainController_DIY\Obj\main.o
#        F:\KisWire\sensors\TemperatureSensor\_Firmware\EWARM\MainController_DIY\Obj\startup_stm32f103xe.o
#        F:\KisWire\sensors\TemperatureSensor\_Firmware\EWARM\MainController_DIY\Obj\stm32f1xx_hal.o
#        F:\KisWire\sensors\TemperatureSensor\_Firmware\EWARM\MainController_DIY\Obj\stm32f1xx_hal_adc.o
#        F:\KisWire\sensors\TemperatureSensor\_Firmware\EWARM\MainController_DIY\Obj\stm32f1xx_hal_adc_ex.o
#        F:\KisWire\sensors\TemperatureSensor\_Firmware\EWARM\MainController_DIY\Obj\stm32f1xx_hal_cortex.o
#        F:\KisWire\sensors\TemperatureSensor\_Firmware\EWARM\MainController_DIY\Obj\stm32f1xx_hal_dma.o
#        F:\KisWire\sensors\TemperatureSensor\_Firmware\EWARM\MainController_DIY\Obj\stm32f1xx_hal_flash.o
#        F:\KisWire\sensors\TemperatureSensor\_Firmware\EWARM\MainController_DIY\Obj\stm32f1xx_hal_flash_ex.o
#        F:\KisWire\sensors\TemperatureSensor\_Firmware\EWARM\MainController_DIY\Obj\stm32f1xx_hal_gpio.o
#        F:\KisWire\sensors\TemperatureSensor\_Firmware\EWARM\MainController_DIY\Obj\stm32f1xx_hal_gpio_ex.o
#        F:\KisWire\sensors\TemperatureSensor\_Firmware\EWARM\MainController_DIY\Obj\stm32f1xx_hal_msp.o
#        F:\KisWire\sensors\TemperatureSensor\_Firmware\EWARM\MainController_DIY\Obj\stm32f1xx_hal_pwr.o
#        F:\KisWire\sensors\TemperatureSensor\_Firmware\EWARM\MainController_DIY\Obj\stm32f1xx_hal_rcc.o
#        F:\KisWire\sensors\TemperatureSensor\_Firmware\EWARM\MainController_DIY\Obj\stm32f1xx_hal_rcc_ex.o
#        F:\KisWire\sensors\TemperatureSensor\_Firmware\EWARM\MainController_DIY\Obj\stm32f1xx_hal_tim.o
#        F:\KisWire\sensors\TemperatureSensor\_Firmware\EWARM\MainController_DIY\Obj\stm32f1xx_hal_tim_ex.o
#        F:\KisWire\sensors\TemperatureSensor\_Firmware\EWARM\MainController_DIY\Obj\stm32f1xx_hal_uart.o
#        F:\KisWire\sensors\TemperatureSensor\_Firmware\EWARM\MainController_DIY\Obj\stm32f1xx_it.o
#        F:\KisWire\sensors\TemperatureSensor\_Firmware\EWARM\MainController_DIY\Obj\system_stm32f1xx.o
#        --redirect _Printf=_PrintfFull --redirect _Scanf=_ScanfFull -o
#        F:\KisWire\sensors\TemperatureSensor\_Firmware\EWARM\MainController_DIY\Exe\MainController_DIY.out
#        --map
#        F:\KisWire\sensors\TemperatureSensor\_Firmware\EWARM\MainController_DIY\List\MainController_DIY.map
#        --config
#        F:\KisWire\sensors\TemperatureSensor\_Firmware\EWARM/stm32f103xe_flash.icf
#        --semihosting --entry __iar_program_start --vfe --text_out locale)
#
###############################################################################

*******************************************************************************
*** RUNTIME MODEL ATTRIBUTES
***

CppFlavor       = *
__SystemLibrary = DLib
__dlib_version  = 6


*******************************************************************************
*** HEAP SELECTION
***

The basic heap was selected because some modules are built with
size limitations (and not runtime checking), and --advanced_heap
was not specified.


*******************************************************************************
*** PLACEMENT SUMMARY
***

"A0":  place at 0x08000000 { ro section .intvec };
"P1":  place in [from 0x08000000 to 0x0807ffff] { ro };
define block CSTACK with size = 1K, alignment = 8 { };
define block HEAP with size = 512, alignment = 8 { };
"P2":  place in [from 0x20000000 to 0x2000ffff] {
          rw, block CSTACK, block HEAP };
initialize by copy { rw };

  Section            Kind        Address    Size  Object
  -------            ----        -------    ----  ------
"A0":                                      0x130
  .intvec            ro code  0x08000000   0x130  startup_stm32f103xe.o [1]
                            - 0x08000130   0x130

"P1":                                     0x1f54
  .text              ro code  0x08000130   0x6bc  stm32f1xx_hal_rcc.o [1]
  .text              ro code  0x080007ec     0xc  stm32f1xx_hal.o [1]
  .text              ro code  0x080007f8    0x28  stm32f1xx_hal.o [1]
  .text              ro code  0x08000820    0x86  ABImemcpy.o [4]
  .rodata            const    0x080008a6     0x2  stm32f1xx_hal_rcc.o [1]
  .text              ro code  0x080008a8   0x176  stm32f1xx_hal_cortex.o [1]
  .text              ro code  0x08000a20   0x584  stm32f1xx_hal_dma.o [1]
  .text              ro code  0x08000fa4   0x41e  stm32f1xx_hal_tim.o [1]
  .text              ro code  0x080013c4   0x230  stm32f1xx_hal_msp.o [1]
  .text              ro code  0x080015f4     0x2  stm32f1xx_hal_tim.o [1]
  .text              ro code  0x080015f6     0x2  stm32f1xx_hal_tim.o [1]
  .text              ro code  0x080015f8     0x2  stm32f1xx_hal_tim.o [1]
  .text              ro code  0x080015fc   0x19c  main.o [1]
  .text              ro code  0x08001798     0x2  stm32f1xx_hal_tim_ex.o [1]
  .text              ro code  0x0800179a     0x2  stm32f1xx_hal_tim.o [1]
  .text              ro code  0x0800179c     0x2  stm32f1xx_hal_tim_ex.o [1]
  .text              ro code  0x080017a0    0x28  stm32f1xx_hal.o [1]
  .text              ro code  0x080017c8    0x5c  stm32f1xx_hal_tim_ex.o [1]
  .text              ro code  0x08001824   0x124  stm32f1xx_hal_rcc_ex.o [1]
  .text              ro code  0x08001948   0x2c0  stm32f1xx_hal_uart.o [1]
  .text              ro code  0x08001c08     0x2  stm32f1xx_hal_uart.o [1]
  .text              ro code  0x08001c0a     0x2  stm32f1xx_hal_uart.o [1]
  .text              ro code  0x08001c0c     0x2  stm32f1xx_hal_uart.o [1]
  .text              ro code  0x08001c10   0x106  stm32f1xx_hal_adc.o [1]
  .text              ro code  0x08001d16     0x2  stm32f1xx_hal_adc.o [1]
  .text              ro code  0x08001d18     0x2  stm32f1xx_hal_adc_ex.o [1]
  .text              ro code  0x08001d1a     0x2  stm32f1xx_hal_adc.o [1]
  .text              ro code  0x08001d1c    0xa8  stm32f1xx_it.o [1]
  .text              ro code  0x08001dc4    0x10  stm32f1xx_hal.o [1]
  .text              ro code  0x08001dd4    0x68  system_stm32f1xx.o [1]
  .text              ro code  0x08001e3c    0x40  zero_init3.o [4]
  .rodata            const    0x08001e7c    0x3c  main.o [1]
  .text              ro code  0x08001eb8    0x2c  copy_init3.o [4]
  .text              ro code  0x08001ee4    0x28  data_init.o [4]
  .iar.init_table    const    0x08001f0c    0x24  - Linker created -
  .text              ro code  0x08001f30    0x1e  cmain.o [4]
  .text              ro code  0x08001f4e     0x4  low_level_init.o [3]
  .text              ro code  0x08001f52     0x4  exit.o [3]
  .text              ro code  0x08001f58     0xa  cexit.o [4]
  .text              ro code  0x08001f64    0x14  exit.o [5]
  .rodata            const    0x08001f78    0x10  stm32f1xx_hal_rcc.o [1]
  .rodata            const    0x08001f88    0x10  system_stm32f1xx.o [1]
  .text              ro code  0x08001f98    0x10  startup_stm32f103xe.o [1]
  .text              ro code  0x08001fa8     0xc  cstartup_M.o [4]
  Initializer bytes  const    0x08001fb4     0x8  <for P2-1>
  .text              ro code  0x08001fbc     0x4  startup_stm32f103xe.o [1]
  .text              ro code  0x08001fc0     0x4  startup_stm32f103xe.o [1]
  .text              ro code  0x08001fc4     0x4  startup_stm32f103xe.o [1]
  .text              ro code  0x08001fc8     0x4  startup_stm32f103xe.o [1]
  .text              ro code  0x08001fcc     0x4  startup_stm32f103xe.o [1]
  .text              ro code  0x08001fd0     0x4  startup_stm32f103xe.o [1]
  .text              ro code  0x08001fd4     0x4  startup_stm32f103xe.o [1]
  .text              ro code  0x08001fd8     0x4  startup_stm32f103xe.o [1]
  .text              ro code  0x08001fdc     0x4  startup_stm32f103xe.o [1]
  .text              ro code  0x08001fe0     0x4  startup_stm32f103xe.o [1]
  .text              ro code  0x08001fe4     0x4  startup_stm32f103xe.o [1]
  .text              ro code  0x08001fe8     0x4  startup_stm32f103xe.o [1]
  .text              ro code  0x08001fec     0x4  startup_stm32f103xe.o [1]
  .text              ro code  0x08001ff0     0x4  startup_stm32f103xe.o [1]
  .text              ro code  0x08001ff4     0x4  startup_stm32f103xe.o [1]
  .text              ro code  0x08001ff8     0x4  startup_stm32f103xe.o [1]
  .text              ro code  0x08001ffc     0x4  startup_stm32f103xe.o [1]
  .text              ro code  0x08002000     0x4  startup_stm32f103xe.o [1]
  .text              ro code  0x08002004     0x4  startup_stm32f103xe.o [1]
  .text              ro code  0x08002008     0x4  startup_stm32f103xe.o [1]
  .text              ro code  0x0800200c     0x4  startup_stm32f103xe.o [1]
  .text              ro code  0x08002010     0x4  startup_stm32f103xe.o [1]
  .text              ro code  0x08002014     0x4  startup_stm32f103xe.o [1]
  .text              ro code  0x08002018     0x4  startup_stm32f103xe.o [1]
  .text              ro code  0x0800201c     0x4  startup_stm32f103xe.o [1]
  .text              ro code  0x08002020     0x4  startup_stm32f103xe.o [1]
  .text              ro code  0x08002024     0x4  startup_stm32f103xe.o [1]
  .text              ro code  0x08002028     0x4  startup_stm32f103xe.o [1]
  .text              ro code  0x0800202c     0x4  startup_stm32f103xe.o [1]
  .text              ro code  0x08002030     0x4  startup_stm32f103xe.o [1]
  .text              ro code  0x08002034     0x4  startup_stm32f103xe.o [1]
  .text              ro code  0x08002038     0x4  startup_stm32f103xe.o [1]
  .text              ro code  0x0800203c     0x4  startup_stm32f103xe.o [1]
  .text              ro code  0x08002040     0x4  startup_stm32f103xe.o [1]
  .text              ro code  0x08002044     0x4  startup_stm32f103xe.o [1]
  .text              ro code  0x08002048     0x4  startup_stm32f103xe.o [1]
  .text              ro code  0x0800204c     0x4  startup_stm32f103xe.o [1]
  .text              ro code  0x08002050     0x4  startup_stm32f103xe.o [1]
  .text              ro code  0x08002054     0x4  startup_stm32f103xe.o [1]
  .text              ro code  0x08002058     0x4  startup_stm32f103xe.o [1]
  .text              ro code  0x0800205c     0x4  startup_stm32f103xe.o [1]
  .text              ro code  0x08002060     0x4  startup_stm32f103xe.o [1]
  .text              ro code  0x08002064     0x4  startup_stm32f103xe.o [1]
  .text              ro code  0x08002068     0x4  startup_stm32f103xe.o [1]
  .text              ro code  0x0800206c     0x4  startup_stm32f103xe.o [1]
  .text              ro code  0x08002070     0x4  startup_stm32f103xe.o [1]
  .text              ro code  0x08002074     0x4  startup_stm32f103xe.o [1]
  .text              ro code  0x08002078     0x4  startup_stm32f103xe.o [1]
  .text              ro code  0x0800207c     0x4  startup_stm32f103xe.o [1]
  .text              ro code  0x08002080     0x4  startup_stm32f103xe.o [1]
  .rodata            const    0x08002084     0x0  zero_init3.o [4]
  .rodata            const    0x08002084     0x0  copy_init3.o [4]
                            - 0x08002084  0x1f54

"P2", part 1 of 3:                           0x8
  P2-1                        0x20000000     0x8  <Init block>
    .data            inited   0x20000000     0x4  main.o [1]
    .data            inited   0x20000004     0x4  system_stm32f1xx.o [1]
                            - 0x20000008     0x8

"P2", part 2 of 3:                         0x27c
  .bss               zero     0x20000008    0x44  main.o [1]
  .bss               zero     0x2000004c    0x40  main.o [1]
  .bss               zero     0x2000008c    0x40  main.o [1]
  .bss               zero     0x200000cc    0x40  main.o [1]
  .bss               zero     0x2000010c    0x40  main.o [1]
  .bss               zero     0x2000014c    0x40  main.o [1]
  .bss               zero     0x2000018c    0x40  main.o [1]
  .bss               zero     0x200001cc    0x40  main.o [1]
  .bss               zero     0x2000020c    0x40  main.o [1]
  .bss               zero     0x2000024c    0x30  main.o [1]
  .bss               zero     0x2000027c     0x4  main.o [1]
  .bss               zero     0x20000280     0x4  stm32f1xx_hal.o [1]
                            - 0x20000284   0x27c

"P2", part 3 of 3:                         0x400
  CSTACK                      0x20000288   0x400  <Block>
    CSTACK           uninit   0x20000288   0x400  <Block tail>
                            - 0x20000688   0x400


*******************************************************************************
*** INIT TABLE
***

          Address     Size
          -------     ----
Zero (__iar_zero_init3)
    1 destination range, total size 0x27c:
          0x20000008  0x27c

Copy (__iar_copy_init3)
    1 source range, total size 0x8:
          0x08001fb4    0x8
    1 destination range, total size 0x8:
          0x20000000    0x8



*******************************************************************************
*** MODULE SUMMARY
***

    Module                  ro code  ro data  rw data
    ------                  -------  -------  -------
F:\KisWire\sensors\TemperatureSensor\_Firmware\EWARM\MainController_DIY\Obj: [1]
    main.o                      412       64      636
    startup_stm32f103xe.o       520
    stm32f1xx_hal.o             108                 4
    stm32f1xx_hal_adc.o         266
    stm32f1xx_hal_adc_ex.o        2
    stm32f1xx_hal_cortex.o      374
    stm32f1xx_hal_dma.o       1 412
    stm32f1xx_hal_msp.o         560
    stm32f1xx_hal_rcc.o       1 724       18
    stm32f1xx_hal_rcc_ex.o      292
    stm32f1xx_hal_tim.o       1 062
    stm32f1xx_hal_tim_ex.o       96
    stm32f1xx_hal_uart.o        710
    stm32f1xx_it.o              168
    system_stm32f1xx.o          104       20        4
    -------------------------------------------------
    Total:                    7 810      102      644

command line: [2]
    -------------------------------------------------
    Total:

dl7M_tlf.a: [3]
    exit.o                        4
    low_level_init.o              4
    -------------------------------------------------
    Total:                        8

rt7M_tl.a: [4]
    ABImemcpy.o                 134
    cexit.o                      10
    cmain.o                      30
    copy_init3.o                 44
    cstartup_M.o                 12
    data_init.o                  40
    zero_init3.o                 64
    -------------------------------------------------
    Total:                      334

shb_l.a: [5]
    exit.o                       20
    -------------------------------------------------
    Total:                       20

    Gaps                         14
    Linker created                        36    1 024
-----------------------------------------------------
    Grand Total:              8 186      138    1 668


*******************************************************************************
*** ENTRY LIST
***

Entry                      Address   Size  Type      Object
-----                      -------   ----  ----      ------
.iar.init_table$$Base   0x08001f0c          --   Gb  - Linker created -
.iar.init_table$$Limit  0x08001f30          --   Gb  - Linker created -
?main                   0x08001f31         Code  Gb  cmain.o [4]
ADC1_2_IRQHandler       0x08001d43    0xa  Code  Gb  stm32f1xx_it.o [1]
AHBPrescTable           0x08001f88   0x10  Data  Gb  system_stm32f1xx.o [1]
BusFault_Handler        0x08001d23    0x2  Code  Gb  stm32f1xx_it.o [1]
CSTACK$$Base            0x20000288          --   Gb  - Linker created -
CSTACK$$Limit           0x20000688          --   Gb  - Linker created -
DMA1_Channel1_IRQHandler
                        0x08001d39    0xa  Code  Gb  stm32f1xx_it.o [1]
DebugMon_Handler        0x08001d29    0x2  Code  Gb  stm32f1xx_it.o [1]
HAL_ADCEx_InjectedConvCpltCallback
                        0x08001d19    0x2  Code  Wk  stm32f1xx_hal_adc_ex.o [1]
HAL_ADC_IRQHandler      0x08001c11  0x106  Code  Gb  stm32f1xx_hal_adc.o [1]
HAL_DMA_Abort_IT        0x08000a21  0x1be  Code  Gb  stm32f1xx_hal_dma.o [1]
HAL_DMA_IRQHandler      0x08000c15  0x358  Code  Gb  stm32f1xx_hal_dma.o [1]
HAL_GetTick             0x080007ed    0xc  Code  Wk  stm32f1xx_hal.o [1]
HAL_IncTick             0x08001dc5   0x10  Code  Wk  stm32f1xx_hal.o [1]
HAL_Init                0x080017a1   0x22  Code  Gb  stm32f1xx_hal.o [1]
HAL_InitTick            0x080007f9   0x28  Code  Wk  stm32f1xx_hal.o [1]
HAL_MspInit             0x080013c5   0x98  Code  Gb  stm32f1xx_hal_msp.o [1]
HAL_NVIC_EnableIRQ      0x080009b9    0xe  Code  Gb  stm32f1xx_hal_cortex.o [1]
HAL_NVIC_SetPriority    0x0800098f   0x2a  Code  Gb  stm32f1xx_hal_cortex.o [1]
HAL_NVIC_SetPriorityGrouping
                        0x08000983    0xc  Code  Gb  stm32f1xx_hal_cortex.o [1]
HAL_RCCEx_PeriphCLKConfig
                        0x08001825  0x10e  Code  Gb  stm32f1xx_hal_rcc_ex.o [1]
HAL_RCC_ClockConfig     0x08000587  0x188  Code  Gb  stm32f1xx_hal_rcc.o [1]
HAL_RCC_GetHCLKFreq     0x0800077f    0x6  Code  Gb  stm32f1xx_hal_rcc.o [1]
HAL_RCC_GetSysClockFreq
                        0x0800070f   0x70  Code  Gb  stm32f1xx_hal_rcc.o [1]
HAL_RCC_OscConfig       0x08000131  0x456  Code  Gb  stm32f1xx_hal_rcc.o [1]
HAL_SYSTICK_CLKSourceConfig
                        0x080009d3   0x20  Code  Gb  stm32f1xx_hal_cortex.o [1]
HAL_SYSTICK_Config      0x080009c7    0xc  Code  Gb  stm32f1xx_hal_cortex.o [1]
HAL_SYSTICK_IRQHandler  0x08000a15    0x8  Code  Gb  stm32f1xx_hal_cortex.o [1]
HAL_TIMEx_BreakCallback
                        0x08001799    0x2  Code  Wk  stm32f1xx_hal_tim_ex.o [1]
HAL_TIMEx_CommutationCallback
                        0x0800179d    0x2  Code  Wk  stm32f1xx_hal_tim_ex.o [1]
HAL_TIMEx_MasterConfigSynchronization
                        0x080017c9   0x5a  Code  Gb  stm32f1xx_hal_tim_ex.o [1]
HAL_TIM_Base_Init       0x08000fa5   0x38  Code  Gb  stm32f1xx_hal_tim.o [1]
HAL_TIM_Base_MspInit    0x0800145d  0x172  Code  Gb  stm32f1xx_hal_msp.o [1]
HAL_TIM_Base_Start_IT   0x08000fdd   0x1e  Code  Gb  stm32f1xx_hal_tim.o [1]
HAL_TIM_ConfigClockSource
                        0x08001171  0x11c  Code  Gb  stm32f1xx_hal_tim.o [1]
HAL_TIM_IRQHandler      0x08000ffb  0x176  Code  Gb  stm32f1xx_hal_tim.o [1]
HAL_TIM_PeriodElapsedCallback
                        0x08001655   0x16  Code  Gb  main.o [1]
HAL_UART_IRQHandler     0x08001949  0x14a  Code  Gb  stm32f1xx_hal_uart.o [1]
HardFault_Handler       0x08001d1f    0x2  Code  Gb  stm32f1xx_it.o [1]
MX_TIM2_Init            0x0800166b   0x78  Code  Lc  main.o [1]
MemManage_Handler       0x08001d21    0x2  Code  Gb  stm32f1xx_it.o [1]
NMI_Handler             0x08001d1d    0x2  Code  Gb  stm32f1xx_it.o [1]
NVIC_EnableIRQ          0x080008cf   0x16  Code  Lc  stm32f1xx_hal_cortex.o [1]
NVIC_EncodePriority     0x08000911   0x42  Code  Lc  stm32f1xx_hal_cortex.o [1]
NVIC_GetPriorityGrouping
                        0x080008c5    0xa  Code  Lc  stm32f1xx_hal_cortex.o [1]
NVIC_SetPriority        0x080008e5   0x2c  Code  Lc  stm32f1xx_hal_cortex.o [1]
NVIC_SetPriorityGrouping
                        0x080008a9   0x1c  Code  Lc  stm32f1xx_hal_cortex.o [1]
PendSV_Handler          0x08001d2b    0x2  Code  Gb  stm32f1xx_it.o [1]
RCC_Delay               0x08000785   0x26  Code  Lc  stm32f1xx_hal_rcc.o [1]
Region$$Table$$Base     0x08001f0c          --   Gb  - Linker created -
Region$$Table$$Limit    0x08001f30          --   Gb  - Linker created -
SVC_Handler             0x08001d27    0x2  Code  Gb  stm32f1xx_it.o [1]
SysTick_Config          0x08000953   0x30  Code  Lc  stm32f1xx_hal_cortex.o [1]
SysTick_Handler         0x08001d2d    0xc  Code  Gb  stm32f1xx_it.o [1]
SystemClock_Config      0x080016e3   0xa4  Code  Gb  main.o [1]
SystemCoreClock         0x20000004    0x4  Data  Gb  system_stm32f1xx.o [1]
SystemInit              0x08001dd5   0x4e  Code  Gb  system_stm32f1xx.o [1]
TIM2_IRQHandler         0x08001d4d    0xa  Code  Gb  stm32f1xx_it.o [1]
TIM3_IRQHandler         0x08001d57    0xa  Code  Gb  stm32f1xx_it.o [1]
TIM5_IRQHandler         0x08001d7f    0xa  Code  Gb  stm32f1xx_it.o [1]
TIM6_IRQHandler         0x08001d89    0xa  Code  Gb  stm32f1xx_it.o [1]
TIM7_IRQHandler         0x08001d93    0xa  Code  Gb  stm32f1xx_it.o [1]
TIM8_UP_IRQHandler      0x08001d75    0xa  Code  Gb  stm32f1xx_it.o [1]
TIM_Base_SetConfig      0x0800128d   0x9a  Code  Gb  stm32f1xx_hal_tim.o [1]
TIM_ETR_SetConfig       0x080013a9   0x1a  Code  Lc  stm32f1xx_hal_tim.o [1]
TIM_ITRx_SetConfig      0x0800138f   0x1a  Code  Lc  stm32f1xx_hal_tim.o [1]
TIM_TI1_ConfigInputStage
                        0x0800133d   0x28  Code  Lc  stm32f1xx_hal_tim.o [1]
TIM_TI2_ConfigInputStage
                        0x08001365   0x2a  Code  Lc  stm32f1xx_hal_tim.o [1]
UART_DMAAbortOnError    0x08001ab5   0x16  Code  Lc  stm32f1xx_hal_uart.o [1]
UART_EndRxTransfer      0x08001a93   0x20  Code  Lc  stm32f1xx_hal_uart.o [1]
UART_EndTransmit_IT     0x08001b3b   0x20  Code  Lc  stm32f1xx_hal_uart.o [1]
UART_Receive_IT         0x08001b5b   0xae  Code  Lc  stm32f1xx_hal_uart.o [1]
UART_Transmit_IT        0x08001acd   0x6e  Code  Lc  stm32f1xx_hal_uart.o [1]
USART1_IRQHandler       0x08001d61    0xa  Code  Gb  stm32f1xx_it.o [1]
USART2_IRQHandler       0x08001d6b    0xa  Code  Gb  stm32f1xx_it.o [1]
UsageFault_Handler      0x08001d25    0x2  Code  Gb  stm32f1xx_it.o [1]
_Error_Handler          0x08001653    0x2  Code  Gb  main.o [1]
__aeabi_memcpy4         0x08000821         Code  Gb  ABImemcpy.o [4]
__aeabi_memcpy8         0x08000821         Code  Gb  ABImemcpy.o [4]
__cmain                 0x08001f31         Code  Gb  cmain.o [4]
__exit                  0x08001f65   0x14  Code  Gb  exit.o [5]
__iar_copy_init3        0x08001eb9   0x2c  Code  Gb  copy_init3.o [4]
__iar_data_init3        0x08001ee5   0x28  Code  Gb  data_init.o [4]
__iar_program_start     0x08001fa9         Code  Gb  cstartup_M.o [4]
__iar_systems$$module {Abs}
                        0x00000001         Data  Gb  command line/config [2]
__iar_zero_init3        0x08001e3d   0x40  Code  Gb  zero_init3.o [4]
__low_level_init        0x08001f4f    0x4  Code  Gb  low_level_init.o [3]
__vector_table          0x08000000         Data  Gb  startup_stm32f103xe.o [1]
_call_main              0x08001f3d         Code  Gb  cmain.o [4]
_exit                   0x08001f59         Code  Gb  cexit.o [4]
_main                   0x08001f4b         Code  Gb  cmain.o [4]
count                   0x20000000    0x4  Data  Gb  main.o [1]
exit                    0x08001f53    0x4  Code  Gb  exit.o [3]
hadc1                   0x2000024c   0x30  Data  Gb  main.o [1]
hdma_adc1               0x20000008   0x44  Data  Gb  main.o [1]
htim2                   0x2000004c   0x40  Data  Gb  main.o [1]
htim3                   0x2000008c   0x40  Data  Gb  main.o [1]
htim5                   0x200000cc   0x40  Data  Gb  main.o [1]
htim6                   0x2000010c   0x40  Data  Gb  main.o [1]
htim7                   0x2000014c   0x40  Data  Gb  main.o [1]
htim8                   0x2000018c   0x40  Data  Gb  main.o [1]
huart1                  0x200001cc   0x40  Data  Gb  main.o [1]
huart2                  0x2000020c   0x40  Data  Gb  main.o [1]
main                    0x080015fd   0x56  Code  Gb  main.o [1]
test                    0x2000027c    0x4  Data  Gb  main.o [1]
uwTick                  0x20000280    0x4  Data  Gb  stm32f1xx_hal.o [1]


[1] = F:\KisWire\sensors\TemperatureSensor\_Firmware\EWARM\MainController_DIY\Obj
[2] = command line
[3] = dl7M_tlf.a
[4] = rt7M_tl.a
[5] = shb_l.a

  8 186 bytes of readonly  code memory
    138 bytes of readonly  data memory
  1 668 bytes of readwrite data memory

Errors: none
Warnings: none
